Archive member included because of file (symbol)

c:/freescale/kds_3.0.0/toolchain/bin/../lib/gcc/arm-none-eabi/4.8.4/../../../../arm-none-eabi/lib/armv7e-m/fpu\libg_s.a(lib_a-exit.o)
                              c:/freescale/kds_3.0.0/toolchain/bin/../lib/gcc/arm-none-eabi/4.8.4/../../../../arm-none-eabi/lib/armv7e-m/fpu/crt0.o (exit)
c:/freescale/kds_3.0.0/toolchain/bin/../lib/gcc/arm-none-eabi/4.8.4/../../../../arm-none-eabi/lib/armv7e-m/fpu\libg_s.a(lib_a-impure.o)
                              c:/freescale/kds_3.0.0/toolchain/bin/../lib/gcc/arm-none-eabi/4.8.4/../../../../arm-none-eabi/lib/armv7e-m/fpu\libg_s.a(lib_a-exit.o) (_global_impure_ptr)
c:/freescale/kds_3.0.0/toolchain/bin/../lib/gcc/arm-none-eabi/4.8.4/../../../../arm-none-eabi/lib/armv7e-m/fpu\libg_s.a(lib_a-init.o)
                              c:/freescale/kds_3.0.0/toolchain/bin/../lib/gcc/arm-none-eabi/4.8.4/../../../../arm-none-eabi/lib/armv7e-m/fpu/crt0.o (__libc_init_array)
c:/freescale/kds_3.0.0/toolchain/bin/../lib/gcc/arm-none-eabi/4.8.4/../../../../arm-none-eabi/lib/armv7e-m/fpu\libg_s.a(lib_a-memset.o)
                              c:/freescale/kds_3.0.0/toolchain/bin/../lib/gcc/arm-none-eabi/4.8.4/../../../../arm-none-eabi/lib/armv7e-m/fpu/crt0.o (memset)
c:/freescale/kds_3.0.0/toolchain/bin/../lib/gcc/arm-none-eabi/4.8.4/../../../../arm-none-eabi/lib/armv7e-m/fpu\libnosys.a(_exit.o)
                              c:/freescale/kds_3.0.0/toolchain/bin/../lib/gcc/arm-none-eabi/4.8.4/../../../../arm-none-eabi/lib/armv7e-m/fpu\libg_s.a(lib_a-exit.o) (_exit)

Allocating common symbols
Common symbol       size              file

Packet              0x5               ./Sources/packet.o
SR_reg              0x1               ./Generated_Code/Cpu.o

Discarded input sections

 .text          0x00000000        0x0 c:/freescale/kds_3.0.0/toolchain/bin/../lib/gcc/arm-none-eabi/4.8.4/armv7e-m/fpu/crti.o
 .data          0x00000000        0x0 c:/freescale/kds_3.0.0/toolchain/bin/../lib/gcc/arm-none-eabi/4.8.4/armv7e-m/fpu/crti.o
 .bss           0x00000000        0x0 c:/freescale/kds_3.0.0/toolchain/bin/../lib/gcc/arm-none-eabi/4.8.4/armv7e-m/fpu/crti.o
 .data          0x00000000        0x4 c:/freescale/kds_3.0.0/toolchain/bin/../lib/gcc/arm-none-eabi/4.8.4/armv7e-m/fpu/crtbegin.o
 .data          0x00000000        0x0 c:/freescale/kds_3.0.0/toolchain/bin/../lib/gcc/arm-none-eabi/4.8.4/../../../../arm-none-eabi/lib/armv7e-m/fpu/crt0.o
 .bss           0x00000000        0x0 c:/freescale/kds_3.0.0/toolchain/bin/../lib/gcc/arm-none-eabi/4.8.4/../../../../arm-none-eabi/lib/armv7e-m/fpu/crt0.o
 .ARM.extab     0x00000000        0x0 c:/freescale/kds_3.0.0/toolchain/bin/../lib/gcc/arm-none-eabi/4.8.4/../../../../arm-none-eabi/lib/armv7e-m/fpu/crt0.o
 .group         0x00000000        0x8 ./Sources/Events.o
 .group         0x00000000        0x8 ./Sources/Events.o
 .group         0x00000000        0x8 ./Sources/Events.o
 .group         0x00000000        0x8 ./Sources/Events.o
 .group         0x00000000        0x8 ./Sources/Events.o
 .group         0x00000000        0x8 ./Sources/Events.o
 .group         0x00000000        0x8 ./Sources/Events.o
 .group         0x00000000        0x8 ./Sources/Events.o
 .group         0x00000000        0x8 ./Sources/Events.o
 .text          0x00000000        0x0 ./Sources/Events.o
 .data          0x00000000        0x0 ./Sources/Events.o
 .bss           0x00000000        0x0 ./Sources/Events.o
 .debug_info    0x00000000       0x7d ./Sources/Events.o
 .debug_abbrev  0x00000000       0x29 ./Sources/Events.o
 .debug_aranges
                0x00000000       0x18 ./Sources/Events.o
 .debug_macro   0x00000000       0xc7 ./Sources/Events.o
 .debug_macro   0x00000000      0x850 ./Sources/Events.o
 .debug_macro   0x00000000       0x16 ./Sources/Events.o
 .debug_macro   0x00000000       0x44 ./Sources/Events.o
 .debug_macro   0x00000000      0x209 ./Sources/Events.o
 .debug_macro   0x00000000     0x17fa ./Sources/Events.o
 .debug_macro   0x00000000      0x14e ./Sources/Events.o
 .debug_macro   0x00000000       0x64 ./Sources/Events.o
 .debug_macro   0x00000000    0x174c1 ./Sources/Events.o
 .debug_macro   0x00000000       0x94 ./Sources/Events.o
 .debug_line    0x00000000      0x288 ./Sources/Events.o
 .debug_str     0x00000000    0x8a627 ./Sources/Events.o
 .comment       0x00000000       0x71 ./Sources/Events.o
 .ARM.attributes
                0x00000000       0x39 ./Sources/Events.o
 .group         0x00000000        0x8 ./Sources/FIFO.o
 .group         0x00000000        0x8 ./Sources/FIFO.o
 .group         0x00000000        0x8 ./Sources/FIFO.o
 .group         0x00000000        0x8 ./Sources/FIFO.o
 .group         0x00000000        0x8 ./Sources/FIFO.o
 .group         0x00000000        0x8 ./Sources/FIFO.o
 .group         0x00000000        0x8 ./Sources/FIFO.o
 .group         0x00000000        0x8 ./Sources/FIFO.o
 .group         0x00000000        0x8 ./Sources/FIFO.o
 .group         0x00000000        0x8 ./Sources/FIFO.o
 .text          0x00000000        0x0 ./Sources/FIFO.o
 .data          0x00000000        0x0 ./Sources/FIFO.o
 .bss           0x00000000        0x0 ./Sources/FIFO.o
 .debug_macro   0x00000000      0x850 ./Sources/FIFO.o
 .debug_macro   0x00000000       0x16 ./Sources/FIFO.o
 .debug_macro   0x00000000       0x44 ./Sources/FIFO.o
 .debug_macro   0x00000000      0x209 ./Sources/FIFO.o
 .debug_macro   0x00000000      0x14e ./Sources/FIFO.o
 .debug_macro   0x00000000       0x64 ./Sources/FIFO.o
 .debug_macro   0x00000000    0x174c1 ./Sources/FIFO.o
 .debug_macro   0x00000000       0x94 ./Sources/FIFO.o
 .group         0x00000000        0x8 ./Sources/FTM.o
 .group         0x00000000        0x8 ./Sources/FTM.o
 .group         0x00000000        0x8 ./Sources/FTM.o
 .group         0x00000000        0x8 ./Sources/FTM.o
 .group         0x00000000        0x8 ./Sources/FTM.o
 .group         0x00000000        0x8 ./Sources/FTM.o
 .group         0x00000000        0x8 ./Sources/FTM.o
 .group         0x00000000        0x8 ./Sources/FTM.o
 .group         0x00000000        0x8 ./Sources/FTM.o
 .group         0x00000000        0x8 ./Sources/FTM.o
 .text          0x00000000        0x0 ./Sources/FTM.o
 .data          0x00000000        0x0 ./Sources/FTM.o
 .bss           0x00000000        0x0 ./Sources/FTM.o
 .debug_macro   0x00000000      0x850 ./Sources/FTM.o
 .debug_macro   0x00000000       0x16 ./Sources/FTM.o
 .debug_macro   0x00000000       0x44 ./Sources/FTM.o
 .debug_macro   0x00000000      0x209 ./Sources/FTM.o
 .debug_macro   0x00000000       0x22 ./Sources/FTM.o
 .debug_macro   0x00000000    0x174c1 ./Sources/FTM.o
 .debug_macro   0x00000000     0x1800 ./Sources/FTM.o
 .debug_macro   0x00000000      0x14e ./Sources/FTM.o
 .debug_macro   0x00000000       0x64 ./Sources/FTM.o
 .debug_macro   0x00000000       0x94 ./Sources/FTM.o
 .group         0x00000000        0x8 ./Sources/Flash.o
 .group         0x00000000        0x8 ./Sources/Flash.o
 .group         0x00000000        0x8 ./Sources/Flash.o
 .group         0x00000000        0x8 ./Sources/Flash.o
 .group         0x00000000        0x8 ./Sources/Flash.o
 .group         0x00000000        0x8 ./Sources/Flash.o
 .group         0x00000000        0x8 ./Sources/Flash.o
 .text          0x00000000        0x0 ./Sources/Flash.o
 .data          0x00000000        0x0 ./Sources/Flash.o
 .bss           0x00000000        0x0 ./Sources/Flash.o
 .text.Flash_Write32
                0x00000000       0x20 ./Sources/Flash.o
 .debug_macro   0x00000000      0x850 ./Sources/Flash.o
 .debug_macro   0x00000000       0x16 ./Sources/Flash.o
 .debug_macro   0x00000000       0x44 ./Sources/Flash.o
 .debug_macro   0x00000000      0x209 ./Sources/Flash.o
 .debug_macro   0x00000000       0x22 ./Sources/Flash.o
 .debug_macro   0x00000000    0x174c1 ./Sources/Flash.o
 .group         0x00000000        0x8 ./Sources/LEDs.o
 .group         0x00000000        0x8 ./Sources/LEDs.o
 .group         0x00000000        0x8 ./Sources/LEDs.o
 .group         0x00000000        0x8 ./Sources/LEDs.o
 .group         0x00000000        0x8 ./Sources/LEDs.o
 .group         0x00000000        0x8 ./Sources/LEDs.o
 .text          0x00000000        0x0 ./Sources/LEDs.o
 .data          0x00000000        0x0 ./Sources/LEDs.o
 .bss           0x00000000        0x0 ./Sources/LEDs.o
 .debug_macro   0x00000000      0x850 ./Sources/LEDs.o
 .debug_macro   0x00000000       0x16 ./Sources/LEDs.o
 .debug_macro   0x00000000       0x44 ./Sources/LEDs.o
 .debug_macro   0x00000000      0x209 ./Sources/LEDs.o
 .debug_macro   0x00000000       0x22 ./Sources/LEDs.o
 .debug_macro   0x00000000    0x174c1 ./Sources/LEDs.o
 .group         0x00000000        0x8 ./Sources/PIT.o
 .group         0x00000000        0x8 ./Sources/PIT.o
 .group         0x00000000        0x8 ./Sources/PIT.o
 .group         0x00000000        0x8 ./Sources/PIT.o
 .group         0x00000000        0x8 ./Sources/PIT.o
 .group         0x00000000        0x8 ./Sources/PIT.o
 .group         0x00000000        0x8 ./Sources/PIT.o
 .group         0x00000000        0x8 ./Sources/PIT.o
 .group         0x00000000        0x8 ./Sources/PIT.o
 .group         0x00000000        0x8 ./Sources/PIT.o
 .text          0x00000000        0x0 ./Sources/PIT.o
 .data          0x00000000        0x0 ./Sources/PIT.o
 .bss           0x00000000        0x0 ./Sources/PIT.o
 .debug_macro   0x00000000      0x850 ./Sources/PIT.o
 .debug_macro   0x00000000       0x16 ./Sources/PIT.o
 .debug_macro   0x00000000       0x44 ./Sources/PIT.o
 .debug_macro   0x00000000      0x209 ./Sources/PIT.o
 .debug_macro   0x00000000       0x22 ./Sources/PIT.o
 .debug_macro   0x00000000     0x1800 ./Sources/PIT.o
 .debug_macro   0x00000000      0x14e ./Sources/PIT.o
 .debug_macro   0x00000000       0x64 ./Sources/PIT.o
 .debug_macro   0x00000000    0x174c1 ./Sources/PIT.o
 .debug_macro   0x00000000       0x94 ./Sources/PIT.o
 .group         0x00000000        0x8 ./Sources/RTC.o
 .group         0x00000000        0x8 ./Sources/RTC.o
 .group         0x00000000        0x8 ./Sources/RTC.o
 .group         0x00000000        0x8 ./Sources/RTC.o
 .group         0x00000000        0x8 ./Sources/RTC.o
 .group         0x00000000        0x8 ./Sources/RTC.o
 .group         0x00000000        0x8 ./Sources/RTC.o
 .text          0x00000000        0x0 ./Sources/RTC.o
 .data          0x00000000        0x0 ./Sources/RTC.o
 .bss           0x00000000        0x0 ./Sources/RTC.o
 .debug_macro   0x00000000      0x850 ./Sources/RTC.o
 .debug_macro   0x00000000       0x16 ./Sources/RTC.o
 .debug_macro   0x00000000       0x44 ./Sources/RTC.o
 .debug_macro   0x00000000      0x209 ./Sources/RTC.o
 .debug_macro   0x00000000       0x22 ./Sources/RTC.o
 .debug_macro   0x00000000    0x174c1 ./Sources/RTC.o
 .debug_macro   0x00000000     0x1800 ./Sources/RTC.o
 .group         0x00000000        0x8 ./Sources/UART.o
 .group         0x00000000        0x8 ./Sources/UART.o
 .group         0x00000000        0x8 ./Sources/UART.o
 .group         0x00000000        0x8 ./Sources/UART.o
 .group         0x00000000        0x8 ./Sources/UART.o
 .group         0x00000000        0x8 ./Sources/UART.o
 .group         0x00000000        0x8 ./Sources/UART.o
 .text          0x00000000        0x0 ./Sources/UART.o
 .data          0x00000000        0x0 ./Sources/UART.o
 .bss           0x00000000        0x0 ./Sources/UART.o
 .debug_macro   0x00000000      0x850 ./Sources/UART.o
 .debug_macro   0x00000000       0x16 ./Sources/UART.o
 .debug_macro   0x00000000       0x44 ./Sources/UART.o
 .debug_macro   0x00000000      0x209 ./Sources/UART.o
 .debug_macro   0x00000000       0x22 ./Sources/UART.o
 .debug_macro   0x00000000    0x174c1 ./Sources/UART.o
 .group         0x00000000        0x8 ./Sources/main.o
 .group         0x00000000        0x8 ./Sources/main.o
 .group         0x00000000        0x8 ./Sources/main.o
 .group         0x00000000        0x8 ./Sources/main.o
 .group         0x00000000        0x8 ./Sources/main.o
 .group         0x00000000        0x8 ./Sources/main.o
 .group         0x00000000        0x8 ./Sources/main.o
 .group         0x00000000        0x8 ./Sources/main.o
 .group         0x00000000        0x8 ./Sources/main.o
 .group         0x00000000        0x8 ./Sources/main.o
 .group         0x00000000        0x8 ./Sources/main.o
 .group         0x00000000        0x8 ./Sources/main.o
 .text          0x00000000        0x0 ./Sources/main.o
 .data          0x00000000        0x0 ./Sources/main.o
 .bss           0x00000000        0x0 ./Sources/main.o
 .rodata.PACKET_ACK_MASK
                0x00000000        0x1 ./Sources/main.o
 .rodata.BAUD_RATE
                0x00000000        0x4 ./Sources/main.o
 .debug_macro   0x00000000      0x850 ./Sources/main.o
 .debug_macro   0x00000000       0x16 ./Sources/main.o
 .debug_macro   0x00000000       0x44 ./Sources/main.o
 .debug_macro   0x00000000      0x209 ./Sources/main.o
 .debug_macro   0x00000000     0x17fa ./Sources/main.o
 .debug_macro   0x00000000      0x14e ./Sources/main.o
 .debug_macro   0x00000000       0x64 ./Sources/main.o
 .debug_macro   0x00000000    0x174c1 ./Sources/main.o
 .debug_macro   0x00000000       0x94 ./Sources/main.o
 .debug_macro   0x00000000       0x22 ./Sources/main.o
 .group         0x00000000        0x8 ./Sources/packet.o
 .group         0x00000000        0x8 ./Sources/packet.o
 .group         0x00000000        0x8 ./Sources/packet.o
 .group         0x00000000        0x8 ./Sources/packet.o
 .group         0x00000000        0x8 ./Sources/packet.o
 .group         0x00000000        0x8 ./Sources/packet.o
 .group         0x00000000        0x8 ./Sources/packet.o
 .group         0x00000000        0x8 ./Sources/packet.o
 .group         0x00000000        0x8 ./Sources/packet.o
 .group         0x00000000        0x8 ./Sources/packet.o
 .group         0x00000000        0x8 ./Sources/packet.o
 .text          0x00000000        0x0 ./Sources/packet.o
 .data          0x00000000        0x0 ./Sources/packet.o
 .bss           0x00000000        0x0 ./Sources/packet.o
 .debug_macro   0x00000000      0x850 ./Sources/packet.o
 .debug_macro   0x00000000       0x16 ./Sources/packet.o
 .debug_macro   0x00000000       0x44 ./Sources/packet.o
 .debug_macro   0x00000000      0x209 ./Sources/packet.o
 .debug_macro   0x00000000       0x22 ./Sources/packet.o
 .debug_macro   0x00000000     0x1800 ./Sources/packet.o
 .debug_macro   0x00000000      0x14e ./Sources/packet.o
 .debug_macro   0x00000000       0x64 ./Sources/packet.o
 .debug_macro   0x00000000    0x174c1 ./Sources/packet.o
 .debug_macro   0x00000000       0x94 ./Sources/packet.o
 .group         0x00000000        0x8 ./Project_Settings/Startup_Code/startup.o
 .group         0x00000000        0x8 ./Project_Settings/Startup_Code/startup.o
 .group         0x00000000        0x8 ./Project_Settings/Startup_Code/startup.o
 .group         0x00000000        0x8 ./Project_Settings/Startup_Code/startup.o
 .group         0x00000000        0x8 ./Project_Settings/Startup_Code/startup.o
 .group         0x00000000        0x8 ./Project_Settings/Startup_Code/startup.o
 .group         0x00000000        0x8 ./Project_Settings/Startup_Code/startup.o
 .group         0x00000000        0x8 ./Project_Settings/Startup_Code/startup.o
 .group         0x00000000        0x8 ./Project_Settings/Startup_Code/startup.o
 .group         0x00000000        0x8 ./Project_Settings/Startup_Code/startup.o
 .group         0x00000000        0x8 ./Project_Settings/Startup_Code/startup.o
 .group         0x00000000        0x8 ./Project_Settings/Startup_Code/startup.o
 .group         0x00000000        0x8 ./Project_Settings/Startup_Code/startup.o
 .group         0x00000000        0x8 ./Project_Settings/Startup_Code/startup.o
 .group         0x00000000        0x8 ./Project_Settings/Startup_Code/startup.o
 .group         0x00000000        0x8 ./Project_Settings/Startup_Code/startup.o
 .group         0x00000000        0x8 ./Project_Settings/Startup_Code/startup.o
 .group         0x00000000        0x8 ./Project_Settings/Startup_Code/startup.o
 .group         0x00000000        0x8 ./Project_Settings/Startup_Code/startup.o
 .text          0x00000000        0x0 ./Project_Settings/Startup_Code/startup.o
 .data          0x00000000        0x0 ./Project_Settings/Startup_Code/startup.o
 .bss           0x00000000        0x0 ./Project_Settings/Startup_Code/startup.o
 .text.__init_hardware
                0x00000000        0xc ./Project_Settings/Startup_Code/startup.o
 .text.__iar_program_start
                0x00000000        0xc ./Project_Settings/Startup_Code/startup.o
 .debug_macro   0x00000000      0x850 ./Project_Settings/Startup_Code/startup.o
 .debug_macro   0x00000000       0x16 ./Project_Settings/Startup_Code/startup.o
 .group         0x00000000        0x8 ./Generated_Code/Cpu.o
 .group         0x00000000        0x8 ./Generated_Code/Cpu.o
 .group         0x00000000        0x8 ./Generated_Code/Cpu.o
 .group         0x00000000        0x8 ./Generated_Code/Cpu.o
 .group         0x00000000        0x8 ./Generated_Code/Cpu.o
 .group         0x00000000        0x8 ./Generated_Code/Cpu.o
 .group         0x00000000        0x8 ./Generated_Code/Cpu.o
 .group         0x00000000        0x8 ./Generated_Code/Cpu.o
 .group         0x00000000        0x8 ./Generated_Code/Cpu.o
 .text          0x00000000        0x0 ./Generated_Code/Cpu.o
 .data          0x00000000        0x0 ./Generated_Code/Cpu.o
 .bss           0x00000000        0x0 ./Generated_Code/Cpu.o
 .debug_macro   0x00000000      0x850 ./Generated_Code/Cpu.o
 .debug_macro   0x00000000       0x16 ./Generated_Code/Cpu.o
 .debug_macro   0x00000000       0x44 ./Generated_Code/Cpu.o
 .debug_macro   0x00000000      0x209 ./Generated_Code/Cpu.o
 .debug_macro   0x00000000     0x17fa ./Generated_Code/Cpu.o
 .debug_macro   0x00000000      0x14e ./Generated_Code/Cpu.o
 .debug_macro   0x00000000       0x64 ./Generated_Code/Cpu.o
 .debug_macro   0x00000000    0x174c1 ./Generated_Code/Cpu.o
 .group         0x00000000        0x8 ./Generated_Code/INT_FTM0.o
 .text          0x00000000        0x0 ./Generated_Code/INT_FTM0.o
 .data          0x00000000        0x0 ./Generated_Code/INT_FTM0.o
 .bss           0x00000000        0x0 ./Generated_Code/INT_FTM0.o
 .debug_info    0x00000000       0x21 ./Generated_Code/INT_FTM0.o
 .debug_abbrev  0x00000000       0x13 ./Generated_Code/INT_FTM0.o
 .debug_aranges
                0x00000000       0x18 ./Generated_Code/INT_FTM0.o
 .debug_macro   0x00000000       0x11 ./Generated_Code/INT_FTM0.o
 .debug_macro   0x00000000      0x850 ./Generated_Code/INT_FTM0.o
 .debug_line    0x00000000       0x3d ./Generated_Code/INT_FTM0.o
 .debug_str     0x00000000     0x242f ./Generated_Code/INT_FTM0.o
 .comment       0x00000000       0x71 ./Generated_Code/INT_FTM0.o
 .ARM.attributes
                0x00000000       0x39 ./Generated_Code/INT_FTM0.o
 .group         0x00000000        0x8 ./Generated_Code/INT_PIT0.o
 .text          0x00000000        0x0 ./Generated_Code/INT_PIT0.o
 .data          0x00000000        0x0 ./Generated_Code/INT_PIT0.o
 .bss           0x00000000        0x0 ./Generated_Code/INT_PIT0.o
 .debug_info    0x00000000       0x21 ./Generated_Code/INT_PIT0.o
 .debug_abbrev  0x00000000       0x13 ./Generated_Code/INT_PIT0.o
 .debug_aranges
                0x00000000       0x18 ./Generated_Code/INT_PIT0.o
 .debug_macro   0x00000000       0x11 ./Generated_Code/INT_PIT0.o
 .debug_macro   0x00000000      0x850 ./Generated_Code/INT_PIT0.o
 .debug_line    0x00000000       0x3d ./Generated_Code/INT_PIT0.o
 .debug_str     0x00000000     0x242f ./Generated_Code/INT_PIT0.o
 .comment       0x00000000       0x71 ./Generated_Code/INT_PIT0.o
 .ARM.attributes
                0x00000000       0x39 ./Generated_Code/INT_PIT0.o
 .group         0x00000000        0x8 ./Generated_Code/INT_RTC_Seconds.o
 .text          0x00000000        0x0 ./Generated_Code/INT_RTC_Seconds.o
 .data          0x00000000        0x0 ./Generated_Code/INT_RTC_Seconds.o
 .bss           0x00000000        0x0 ./Generated_Code/INT_RTC_Seconds.o
 .debug_info    0x00000000       0x21 ./Generated_Code/INT_RTC_Seconds.o
 .debug_abbrev  0x00000000       0x13 ./Generated_Code/INT_RTC_Seconds.o
 .debug_aranges
                0x00000000       0x18 ./Generated_Code/INT_RTC_Seconds.o
 .debug_macro   0x00000000       0x11 ./Generated_Code/INT_RTC_Seconds.o
 .debug_macro   0x00000000      0x850 ./Generated_Code/INT_RTC_Seconds.o
 .debug_line    0x00000000       0x44 ./Generated_Code/INT_RTC_Seconds.o
 .debug_str     0x00000000     0x2436 ./Generated_Code/INT_RTC_Seconds.o
 .comment       0x00000000       0x71 ./Generated_Code/INT_RTC_Seconds.o
 .ARM.attributes
                0x00000000       0x39 ./Generated_Code/INT_RTC_Seconds.o
 .group         0x00000000        0x8 ./Generated_Code/INT_UART2_RX_TX.o
 .text          0x00000000        0x0 ./Generated_Code/INT_UART2_RX_TX.o
 .data          0x00000000        0x0 ./Generated_Code/INT_UART2_RX_TX.o
 .bss           0x00000000        0x0 ./Generated_Code/INT_UART2_RX_TX.o
 .debug_info    0x00000000       0x21 ./Generated_Code/INT_UART2_RX_TX.o
 .debug_abbrev  0x00000000       0x13 ./Generated_Code/INT_UART2_RX_TX.o
 .debug_aranges
                0x00000000       0x18 ./Generated_Code/INT_UART2_RX_TX.o
 .debug_macro   0x00000000       0x11 ./Generated_Code/INT_UART2_RX_TX.o
 .debug_macro   0x00000000      0x850 ./Generated_Code/INT_UART2_RX_TX.o
 .debug_line    0x00000000       0x44 ./Generated_Code/INT_UART2_RX_TX.o
 .debug_str     0x00000000     0x2436 ./Generated_Code/INT_UART2_RX_TX.o
 .comment       0x00000000       0x71 ./Generated_Code/INT_UART2_RX_TX.o
 .ARM.attributes
                0x00000000       0x39 ./Generated_Code/INT_UART2_RX_TX.o
 .group         0x00000000        0x8 ./Generated_Code/PE_LDD.o
 .group         0x00000000        0x8 ./Generated_Code/PE_LDD.o
 .group         0x00000000        0x8 ./Generated_Code/PE_LDD.o
 .group         0x00000000        0x8 ./Generated_Code/PE_LDD.o
 .group         0x00000000        0x8 ./Generated_Code/PE_LDD.o
 .group         0x00000000        0x8 ./Generated_Code/PE_LDD.o
 .group         0x00000000        0x8 ./Generated_Code/PE_LDD.o
 .group         0x00000000        0x8 ./Generated_Code/PE_LDD.o
 .group         0x00000000        0x8 ./Generated_Code/PE_LDD.o
 .text          0x00000000        0x0 ./Generated_Code/PE_LDD.o
 .data          0x00000000        0x0 ./Generated_Code/PE_LDD.o
 .bss           0x00000000        0x0 ./Generated_Code/PE_LDD.o
 .rodata.PE_CpuClockConfigurations
                0x00000000       0x28 ./Generated_Code/PE_LDD.o
 .text.PE_FillMemory
                0x00000000       0x24 ./Generated_Code/PE_LDD.o
 .text.PE_PeripheralUsed
                0x00000000       0x18 ./Generated_Code/PE_LDD.o
 .text.LDD_SetClockConfiguration
                0x00000000       0x14 ./Generated_Code/PE_LDD.o
 .debug_info    0x00000000      0x215 ./Generated_Code/PE_LDD.o
 .debug_abbrev  0x00000000       0xf3 ./Generated_Code/PE_LDD.o
 .debug_aranges
                0x00000000       0x30 ./Generated_Code/PE_LDD.o
 .debug_ranges  0x00000000       0x20 ./Generated_Code/PE_LDD.o
 .debug_macro   0x00000000       0xb7 ./Generated_Code/PE_LDD.o
 .debug_macro   0x00000000      0x850 ./Generated_Code/PE_LDD.o
 .debug_macro   0x00000000       0x16 ./Generated_Code/PE_LDD.o
 .debug_macro   0x00000000       0x44 ./Generated_Code/PE_LDD.o
 .debug_macro   0x00000000      0x209 ./Generated_Code/PE_LDD.o
 .debug_macro   0x00000000     0x17fa ./Generated_Code/PE_LDD.o
 .debug_macro   0x00000000      0x14e ./Generated_Code/PE_LDD.o
 .debug_macro   0x00000000       0x64 ./Generated_Code/PE_LDD.o
 .debug_macro   0x00000000    0x174c1 ./Generated_Code/PE_LDD.o
 .debug_macro   0x00000000       0x94 ./Generated_Code/PE_LDD.o
 .debug_line    0x00000000      0x28b ./Generated_Code/PE_LDD.o
 .debug_str     0x00000000    0x8a7bc ./Generated_Code/PE_LDD.o
 .comment       0x00000000       0x71 ./Generated_Code/PE_LDD.o
 .ARM.attributes
                0x00000000       0x39 ./Generated_Code/PE_LDD.o
 .debug_frame   0x00000000       0x64 ./Generated_Code/PE_LDD.o
 .group         0x00000000        0x8 ./Generated_Code/Vectors.o
 .group         0x00000000        0x8 ./Generated_Code/Vectors.o
 .group         0x00000000        0x8 ./Generated_Code/Vectors.o
 .group         0x00000000        0x8 ./Generated_Code/Vectors.o
 .group         0x00000000        0x8 ./Generated_Code/Vectors.o
 .group         0x00000000        0x8 ./Generated_Code/Vectors.o
 .group         0x00000000        0x8 ./Generated_Code/Vectors.o
 .group         0x00000000        0x8 ./Generated_Code/Vectors.o
 .group         0x00000000        0x8 ./Generated_Code/Vectors.o
 .text          0x00000000        0x0 ./Generated_Code/Vectors.o
 .data          0x00000000        0x0 ./Generated_Code/Vectors.o
 .bss           0x00000000        0x0 ./Generated_Code/Vectors.o
 .debug_macro   0x00000000      0x850 ./Generated_Code/Vectors.o
 .debug_macro   0x00000000       0x16 ./Generated_Code/Vectors.o
 .debug_macro   0x00000000       0x44 ./Generated_Code/Vectors.o
 .debug_macro   0x00000000      0x209 ./Generated_Code/Vectors.o
 .debug_macro   0x00000000     0x17fa ./Generated_Code/Vectors.o
 .debug_macro   0x00000000      0x14e ./Generated_Code/Vectors.o
 .debug_macro   0x00000000       0x64 ./Generated_Code/Vectors.o
 .debug_macro   0x00000000    0x174c1 ./Generated_Code/Vectors.o
 .debug_macro   0x00000000       0x94 ./Generated_Code/Vectors.o
 .group         0x00000000        0x8 ./.metadata/.plugins/org.eclipse.cdt.make.core/specs.o
 .text          0x00000000        0x0 ./.metadata/.plugins/org.eclipse.cdt.make.core/specs.o
 .data          0x00000000        0x0 ./.metadata/.plugins/org.eclipse.cdt.make.core/specs.o
 .bss           0x00000000        0x0 ./.metadata/.plugins/org.eclipse.cdt.make.core/specs.o
 .debug_info    0x00000000       0x21 ./.metadata/.plugins/org.eclipse.cdt.make.core/specs.o
 .debug_abbrev  0x00000000       0x13 ./.metadata/.plugins/org.eclipse.cdt.make.core/specs.o
 .debug_aranges
                0x00000000       0x18 ./.metadata/.plugins/org.eclipse.cdt.make.core/specs.o
 .debug_macro   0x00000000       0x11 ./.metadata/.plugins/org.eclipse.cdt.make.core/specs.o
 .debug_macro   0x00000000      0x850 ./.metadata/.plugins/org.eclipse.cdt.make.core/specs.o
 .debug_line    0x00000000       0x58 ./.metadata/.plugins/org.eclipse.cdt.make.core/specs.o
 .debug_str     0x00000000     0x244a ./.metadata/.plugins/org.eclipse.cdt.make.core/specs.o
 .comment       0x00000000       0x71 ./.metadata/.plugins/org.eclipse.cdt.make.core/specs.o
 .ARM.attributes
                0x00000000       0x39 ./.metadata/.plugins/org.eclipse.cdt.make.core/specs.o
 .text          0x00000000        0x0 c:/freescale/kds_3.0.0/toolchain/bin/../lib/gcc/arm-none-eabi/4.8.4/../../../../arm-none-eabi/lib/armv7e-m/fpu\libg_s.a(lib_a-exit.o)
 .data          0x00000000        0x0 c:/freescale/kds_3.0.0/toolchain/bin/../lib/gcc/arm-none-eabi/4.8.4/../../../../arm-none-eabi/lib/armv7e-m/fpu\libg_s.a(lib_a-exit.o)
 .bss           0x00000000        0x0 c:/freescale/kds_3.0.0/toolchain/bin/../lib/gcc/arm-none-eabi/4.8.4/../../../../arm-none-eabi/lib/armv7e-m/fpu\libg_s.a(lib_a-exit.o)
 .text          0x00000000        0x0 c:/freescale/kds_3.0.0/toolchain/bin/../lib/gcc/arm-none-eabi/4.8.4/../../../../arm-none-eabi/lib/armv7e-m/fpu\libg_s.a(lib_a-impure.o)
 .data          0x00000000        0x0 c:/freescale/kds_3.0.0/toolchain/bin/../lib/gcc/arm-none-eabi/4.8.4/../../../../arm-none-eabi/lib/armv7e-m/fpu\libg_s.a(lib_a-impure.o)
 .bss           0x00000000        0x0 c:/freescale/kds_3.0.0/toolchain/bin/../lib/gcc/arm-none-eabi/4.8.4/../../../../arm-none-eabi/lib/armv7e-m/fpu\libg_s.a(lib_a-impure.o)
 .data._impure_ptr
                0x00000000        0x4 c:/freescale/kds_3.0.0/toolchain/bin/../lib/gcc/arm-none-eabi/4.8.4/../../../../arm-none-eabi/lib/armv7e-m/fpu\libg_s.a(lib_a-impure.o)
 .text          0x00000000        0x0 c:/freescale/kds_3.0.0/toolchain/bin/../lib/gcc/arm-none-eabi/4.8.4/../../../../arm-none-eabi/lib/armv7e-m/fpu\libg_s.a(lib_a-init.o)
 .data          0x00000000        0x0 c:/freescale/kds_3.0.0/toolchain/bin/../lib/gcc/arm-none-eabi/4.8.4/../../../../arm-none-eabi/lib/armv7e-m/fpu\libg_s.a(lib_a-init.o)
 .bss           0x00000000        0x0 c:/freescale/kds_3.0.0/toolchain/bin/../lib/gcc/arm-none-eabi/4.8.4/../../../../arm-none-eabi/lib/armv7e-m/fpu\libg_s.a(lib_a-init.o)
 .text          0x00000000        0x0 c:/freescale/kds_3.0.0/toolchain/bin/../lib/gcc/arm-none-eabi/4.8.4/../../../../arm-none-eabi/lib/armv7e-m/fpu\libg_s.a(lib_a-memset.o)
 .data          0x00000000        0x0 c:/freescale/kds_3.0.0/toolchain/bin/../lib/gcc/arm-none-eabi/4.8.4/../../../../arm-none-eabi/lib/armv7e-m/fpu\libg_s.a(lib_a-memset.o)
 .bss           0x00000000        0x0 c:/freescale/kds_3.0.0/toolchain/bin/../lib/gcc/arm-none-eabi/4.8.4/../../../../arm-none-eabi/lib/armv7e-m/fpu\libg_s.a(lib_a-memset.o)
 .text          0x00000000        0x0 c:/freescale/kds_3.0.0/toolchain/bin/../lib/gcc/arm-none-eabi/4.8.4/../../../../arm-none-eabi/lib/armv7e-m/fpu\libnosys.a(_exit.o)
 .data          0x00000000        0x0 c:/freescale/kds_3.0.0/toolchain/bin/../lib/gcc/arm-none-eabi/4.8.4/../../../../arm-none-eabi/lib/armv7e-m/fpu\libnosys.a(_exit.o)
 .bss           0x00000000        0x0 c:/freescale/kds_3.0.0/toolchain/bin/../lib/gcc/arm-none-eabi/4.8.4/../../../../arm-none-eabi/lib/armv7e-m/fpu\libnosys.a(_exit.o)
 .text          0x00000000        0x0 c:/freescale/kds_3.0.0/toolchain/bin/../lib/gcc/arm-none-eabi/4.8.4/armv7e-m/fpu/crtend.o
 .data          0x00000000        0x0 c:/freescale/kds_3.0.0/toolchain/bin/../lib/gcc/arm-none-eabi/4.8.4/armv7e-m/fpu/crtend.o
 .bss           0x00000000        0x0 c:/freescale/kds_3.0.0/toolchain/bin/../lib/gcc/arm-none-eabi/4.8.4/armv7e-m/fpu/crtend.o
 .eh_frame      0x00000000        0x4 c:/freescale/kds_3.0.0/toolchain/bin/../lib/gcc/arm-none-eabi/4.8.4/armv7e-m/fpu/crtend.o
 .jcr           0x00000000        0x4 c:/freescale/kds_3.0.0/toolchain/bin/../lib/gcc/arm-none-eabi/4.8.4/armv7e-m/fpu/crtend.o
 .ARM.attributes
                0x00000000       0x34 c:/freescale/kds_3.0.0/toolchain/bin/../lib/gcc/arm-none-eabi/4.8.4/armv7e-m/fpu/crtend.o
 .text          0x00000000        0x0 c:/freescale/kds_3.0.0/toolchain/bin/../lib/gcc/arm-none-eabi/4.8.4/armv7e-m/fpu/crtn.o
 .data          0x00000000        0x0 c:/freescale/kds_3.0.0/toolchain/bin/../lib/gcc/arm-none-eabi/4.8.4/armv7e-m/fpu/crtn.o
 .bss           0x00000000        0x0 c:/freescale/kds_3.0.0/toolchain/bin/../lib/gcc/arm-none-eabi/4.8.4/armv7e-m/fpu/crtn.o

Memory Configuration

Name             Origin             Length             Attributes
m_interrupts     0x00000000         0x000001e8         xr
m_text           0x00000410         0x0007fbf0         xr
m_data           0x1fff0000         0x00010000         rw
m_data_20000000  0x20000000         0x00010000         rw
m_cfmprotrom     0x00000400         0x00000010         xr
*default*        0x00000000         0xffffffff

Linker script and memory map

LOAD c:/freescale/kds_3.0.0/toolchain/bin/../lib/gcc/arm-none-eabi/4.8.4/armv7e-m/fpu/crti.o
LOAD c:/freescale/kds_3.0.0/toolchain/bin/../lib/gcc/arm-none-eabi/4.8.4/armv7e-m/fpu/crtbegin.o
LOAD c:/freescale/kds_3.0.0/toolchain/bin/../lib/gcc/arm-none-eabi/4.8.4/../../../../arm-none-eabi/lib/armv7e-m/fpu/crt0.o
LOAD ./Sources/Events.o
LOAD ./Sources/FIFO.o
LOAD ./Sources/FTM.o
LOAD ./Sources/Flash.o
LOAD ./Sources/LEDs.o
LOAD ./Sources/PIT.o
LOAD ./Sources/RTC.o
LOAD ./Sources/UART.o
LOAD ./Sources/main.o
LOAD ./Sources/packet.o
LOAD ./Project_Settings/Startup_Code/startup.o
LOAD ./Generated_Code/Cpu.o
LOAD ./Generated_Code/INT_FTM0.o
LOAD ./Generated_Code/INT_PIT0.o
LOAD ./Generated_Code/INT_RTC_Seconds.o
LOAD ./Generated_Code/INT_UART2_RX_TX.o
LOAD ./Generated_Code/PE_LDD.o
LOAD ./Generated_Code/Vectors.o
LOAD ./.metadata/.plugins/org.eclipse.cdt.make.core/specs.o
LOAD c:/freescale/kds_3.0.0/toolchain/bin/../lib/gcc/arm-none-eabi/4.8.4/../../../../arm-none-eabi/lib/armv7e-m/fpu\libstdc++_s.a
LOAD c:/freescale/kds_3.0.0/toolchain/bin/../lib/gcc/arm-none-eabi/4.8.4/../../../../arm-none-eabi/lib/armv7e-m/fpu\libm.a
START GROUP
LOAD c:/freescale/kds_3.0.0/toolchain/bin/../lib/gcc/arm-none-eabi/4.8.4/armv7e-m/fpu\libgcc.a
LOAD c:/freescale/kds_3.0.0/toolchain/bin/../lib/gcc/arm-none-eabi/4.8.4/../../../../arm-none-eabi/lib/armv7e-m/fpu\libg_s.a
LOAD c:/freescale/kds_3.0.0/toolchain/bin/../lib/gcc/arm-none-eabi/4.8.4/../../../../arm-none-eabi/lib/armv7e-m/fpu\libc_s.a
END GROUP
START GROUP
LOAD c:/freescale/kds_3.0.0/toolchain/bin/../lib/gcc/arm-none-eabi/4.8.4/armv7e-m/fpu\libgcc.a
LOAD c:/freescale/kds_3.0.0/toolchain/bin/../lib/gcc/arm-none-eabi/4.8.4/../../../../arm-none-eabi/lib/armv7e-m/fpu\libc_s.a
LOAD c:/freescale/kds_3.0.0/toolchain/bin/../lib/gcc/arm-none-eabi/4.8.4/../../../../arm-none-eabi/lib/armv7e-m/fpu\libnosys.a
END GROUP
START GROUP
LOAD c:/freescale/kds_3.0.0/toolchain/bin/../lib/gcc/arm-none-eabi/4.8.4/armv7e-m/fpu\libgcc.a
LOAD c:/freescale/kds_3.0.0/toolchain/bin/../lib/gcc/arm-none-eabi/4.8.4/../../../../arm-none-eabi/lib/armv7e-m/fpu\libc_s.a
LOAD c:/freescale/kds_3.0.0/toolchain/bin/../lib/gcc/arm-none-eabi/4.8.4/../../../../arm-none-eabi/lib/armv7e-m/fpu\libnosys.a
END GROUP
LOAD c:/freescale/kds_3.0.0/toolchain/bin/../lib/gcc/arm-none-eabi/4.8.4/armv7e-m/fpu/crtend.o
LOAD c:/freescale/kds_3.0.0/toolchain/bin/../lib/gcc/arm-none-eabi/4.8.4/armv7e-m/fpu/crtn.o
                0x20000000                _estack = 0x20000000
                0x20000000                __SP_INIT = _estack
                0x20000000                __stack = _estack
                0x00000000                __heap_size = 0x0
                0x00000400                __stack_size = 0x400

.interrupts     0x00000000      0x1e8
                0x00000000                __vector_table = .
                0x00000000                . = ALIGN (0x4)
 *(.vectortable)
 .vectortable   0x00000000      0x1e8 ./Generated_Code/Vectors.o
                0x00000000                __vect_table
                0x000001e8                . = ALIGN (0x4)

.cfmprotect     0x00000400       0x10
                0x00000400                . = ALIGN (0x4)
 *(.cfmconfig)
 .cfmconfig     0x00000400       0x10 ./Generated_Code/Cpu.o
                0x00000400                _cfm
                0x00000410                . = ALIGN (0x4)

.text           0x00000410     0x19e8
                0x00000410                . = ALIGN (0x4)
 *(.text)
 .text          0x00000410       0x54 c:/freescale/kds_3.0.0/toolchain/bin/../lib/gcc/arm-none-eabi/4.8.4/armv7e-m/fpu/crtbegin.o
 .text          0x00000464       0x74 c:/freescale/kds_3.0.0/toolchain/bin/../lib/gcc/arm-none-eabi/4.8.4/../../../../arm-none-eabi/lib/armv7e-m/fpu/crt0.o
                0x00000464                _start
                0x00000464                _mainCRTStartup
 *(.text*)
 .text.FIFO_Init
                0x000004d8       0x24 ./Sources/FIFO.o
                0x000004d8                FIFO_Init
 .text.FIFO_Put
                0x000004fc       0xac ./Sources/FIFO.o
                0x000004fc                FIFO_Put
 .text.FIFO_Get
                0x000005a8       0xa8 ./Sources/FIFO.o
                0x000005a8                FIFO_Get
 .text.FTM_Init
                0x00000650       0x68 ./Sources/FTM.o
                0x00000650                FTM_Init
 .text.FTM_Set  0x000006b8       0x90 ./Sources/FTM.o
                0x000006b8                FTM_Set
 .text.FTM_StartTimer
                0x00000748       0x4c ./Sources/FTM.o
                0x00000748                FTM_StartTimer
 .text.FTM0_ISR
                0x00000794       0x94 ./Sources/FTM.o
                0x00000794                FTM0_ISR
 .text.LaunchCommand
                0x00000828       0x88 ./Sources/Flash.o
 .text.WritePhrase
                0x000008b0       0x30 ./Sources/Flash.o
 .text.EraseSector
                0x000008e0       0x24 ./Sources/Flash.o
 .text.ModifySector
                0x00000904       0x3c ./Sources/Flash.o
 .text.Flash_WriteN
                0x00000940       0x98 ./Sources/Flash.o
 .text.Flash_Init
                0x000009d8       0x2c ./Sources/Flash.o
                0x000009d8                Flash_Init
 .text.Flash_AllocateVar
                0x00000a04       0x8c ./Sources/Flash.o
                0x00000a04                Flash_AllocateVar
 .text.Flash_Write16
                0x00000a90       0x24 ./Sources/Flash.o
                0x00000a90                Flash_Write16
 .text.Flash_Write8
                0x00000ab4       0x24 ./Sources/Flash.o
                0x00000ab4                Flash_Write8
 .text.Flash_Erase
                0x00000ad8       0x14 ./Sources/Flash.o
                0x00000ad8                Flash_Erase
 .text.LEDs_Init
                0x00000aec       0xa8 ./Sources/LEDs.o
                0x00000aec                LEDs_Init
 .text.LEDs_On  0x00000b94       0x1c ./Sources/LEDs.o
                0x00000b94                LEDs_On
 .text.LEDs_Off
                0x00000bb0       0x1c ./Sources/LEDs.o
                0x00000bb0                LEDs_Off
 .text.LEDs_Toggle
                0x00000bcc       0x1c ./Sources/LEDs.o
                0x00000bcc                LEDs_Toggle
 .text.PIT_Init
                0x00000be8       0x94 ./Sources/PIT.o
                0x00000be8                PIT_Init
 .text.PIT_Set  0x00000c7c       0x3c ./Sources/PIT.o
                0x00000c7c                PIT_Set
 .text.PIT_Enable
                0x00000cb8       0x40 ./Sources/PIT.o
                0x00000cb8                PIT_Enable
 .text.PIT_ISR  0x00000cf8       0x40 ./Sources/PIT.o
                0x00000cf8                PIT_ISR
 .text.RTC_Init
                0x00000d38       0xa0 ./Sources/RTC.o
                0x00000d38                RTC_Init
 .text.RTC_Set  0x00000dd8       0x64 ./Sources/RTC.o
                0x00000dd8                RTC_Set
 .text.RTC_Get  0x00000e3c       0x7c ./Sources/RTC.o
                0x00000e3c                RTC_Get
 .text.RTC_ISR  0x00000eb8       0x2c ./Sources/RTC.o
                0x00000eb8                RTC_ISR
 .text.UART_Init
                0x00000ee4      0x1c4 ./Sources/UART.o
                0x00000ee4                UART_Init
 .text.UART_InChar
                0x000010a8       0x20 ./Sources/UART.o
                0x000010a8                UART_InChar
 .text.UART_OutChar
                0x000010c8       0x3c ./Sources/UART.o
                0x000010c8                UART_OutChar
 .text.UART_ISR
                0x00001104       0x94 ./Sources/UART.o
                0x00001104                UART_ISR
 .text.SendStartup
                0x00001198       0x14 ./Sources/main.o
 .text.SendVersion
                0x000011ac       0x14 ./Sources/main.o
 .text.SendTowerNumber
                0x000011c0       0x24 ./Sources/main.o
 .text.SendTowerMode
                0x000011e4       0x24 ./Sources/main.o
 .text.SendTime
                0x00001208       0x28 ./Sources/main.o
 .text.HandleStartup
                0x00001230       0x3c ./Sources/main.o
 .text.HandleProgramByte
                0x0000126c       0x50 ./Sources/main.o
 .text.HandleReadByte
                0x000012bc       0x40 ./Sources/main.o
 .text.HandleTowerMode
                0x000012fc       0x4c ./Sources/main.o
 .text.HandleSpecial
                0x00001348       0x30 ./Sources/main.o
 .text.HandleTowerNumber
                0x00001378       0x4c ./Sources/main.o
 .text.HandleSetTime
                0x000013c4       0x40 ./Sources/main.o
 .text.HandlePacket
                0x00001404       0x88 ./Sources/main.o
 .text.SendAcknowledgeIfRequired
                0x0000148c       0x50 ./Sources/main.o
 .text.RTCCallback
                0x000014dc       0x1c ./Sources/main.o
 .text.PITCallback
                0x000014f8       0x18 ./Sources/main.o
 .text.FTMCallback
                0x00001510       0x18 ./Sources/main.o
 .text.InitializeComponents
                0x00001528       0x60 ./Sources/main.o
 .text.AllocateAndSet
                0x00001588       0x44 ./Sources/main.o
 .text.main     0x000015cc       0xa0 ./Sources/main.o
                0x000015cc                main
 .text.Packet_Init
                0x0000166c       0x28 ./Sources/packet.o
                0x0000166c                Packet_Init
 .text.ReadNextByte
                0x00001694       0x40 ./Sources/packet.o
 .text.IsChecksumValid
                0x000016d4       0x4c ./Sources/packet.o
 .text.ShiftBuffer
                0x00001720       0x44 ./Sources/packet.o
 .text.SetValuesAndResetBuffer
                0x00001764       0x40 ./Sources/packet.o
 .text.Packet_Get
                0x000017a4       0x38 ./Sources/packet.o
                0x000017a4                Packet_Get
 .text.Packet_Put
                0x000017dc       0xc8 ./Sources/packet.o
                0x000017dc                Packet_Put
 .text.__copy_rom_section
                0x000018a4       0xe4 ./Project_Settings/Startup_Code/startup.o
                0x000018a4                __copy_rom_section
 .text.__copy_rom_sections_to_ram
                0x00001988       0x9c ./Project_Settings/Startup_Code/startup.o
                0x00001988                __copy_rom_sections_to_ram
 .text.__init_registers
                0x00001a24       0x20 ./Project_Settings/Startup_Code/startup.o
                0x00001a24                __init_registers
 .text.__init_user
                0x00001a44        0xc ./Project_Settings/Startup_Code/startup.o
                0x00001a44                __init_user
 .text.__thumb_startup
                0x00001a50       0x34 ./Project_Settings/Startup_Code/startup.o
                0x00001a50                __thumb_startup
 .text.Cpu_Interrupt
                0x00001a84       0x18 ./Generated_Code/Cpu.o
                0x00001a84                Cpu_Interrupt
 .text.__init_hardware
                0x00001a9c      0x17c ./Generated_Code/Cpu.o
                0x00001a9c                __init_hardware
 .text.Cpu_SetBASEPRI
                0x00001c18       0x18 ./Generated_Code/Cpu.o
                0x00001c18                Cpu_SetBASEPRI
 .text.PE_low_level_init
                0x00001c30      0x120 ./Generated_Code/Cpu.o
                0x00001c30                PE_low_level_init
 .text.exit     0x00001d50       0x28 c:/freescale/kds_3.0.0/toolchain/bin/../lib/gcc/arm-none-eabi/4.8.4/../../../../arm-none-eabi/lib/armv7e-m/fpu\libg_s.a(lib_a-exit.o)
                0x00001d50                exit
 .text.__libc_init_array
                0x00001d78       0x4c c:/freescale/kds_3.0.0/toolchain/bin/../lib/gcc/arm-none-eabi/4.8.4/../../../../arm-none-eabi/lib/armv7e-m/fpu\libg_s.a(lib_a-init.o)
                0x00001d78                __libc_init_array
 .text.memset   0x00001dc4       0x10 c:/freescale/kds_3.0.0/toolchain/bin/../lib/gcc/arm-none-eabi/4.8.4/../../../../arm-none-eabi/lib/armv7e-m/fpu\libg_s.a(lib_a-memset.o)
                0x00001dc4                memset
 .text._exit    0x00001dd4        0x4 c:/freescale/kds_3.0.0/toolchain/bin/../lib/gcc/arm-none-eabi/4.8.4/../../../../arm-none-eabi/lib/armv7e-m/fpu\libnosys.a(_exit.o)
                0x00001dd4                _exit
 *(.rodata)
 *(.rodata*)
 .rodata.str1.1
                0x00001dd8        0x2 c:/freescale/kds_3.0.0/toolchain/bin/../lib/gcc/arm-none-eabi/4.8.4/../../../../arm-none-eabi/lib/armv7e-m/fpu\libg_s.a(lib_a-impure.o)
 *fill*         0x00001dda        0x2 
 .rodata._global_impure_ptr
                0x00001ddc        0x4 c:/freescale/kds_3.0.0/toolchain/bin/../lib/gcc/arm-none-eabi/4.8.4/../../../../arm-none-eabi/lib/armv7e-m/fpu\libg_s.a(lib_a-impure.o)
                0x00001ddc                _global_impure_ptr
 *(.glue_7)
 .glue_7        0x00000000        0x0 linker stubs
 *(.glue_7t)
 .glue_7t       0x00000000        0x0 linker stubs
 *(.eh_frame)
 .eh_frame      0x00001de0        0x0 c:/freescale/kds_3.0.0/toolchain/bin/../lib/gcc/arm-none-eabi/4.8.4/armv7e-m/fpu/crtbegin.o
 *(.init)
 .init          0x00001de0        0x4 c:/freescale/kds_3.0.0/toolchain/bin/../lib/gcc/arm-none-eabi/4.8.4/armv7e-m/fpu/crti.o
                0x00001de0                _init
 .init          0x00001de4        0x8 c:/freescale/kds_3.0.0/toolchain/bin/../lib/gcc/arm-none-eabi/4.8.4/armv7e-m/fpu/crtn.o
 *(.fini)
 .fini          0x00001dec        0x4 c:/freescale/kds_3.0.0/toolchain/bin/../lib/gcc/arm-none-eabi/4.8.4/armv7e-m/fpu/crti.o
                0x00001dec                _fini
 .fini          0x00001df0        0x8 c:/freescale/kds_3.0.0/toolchain/bin/../lib/gcc/arm-none-eabi/4.8.4/armv7e-m/fpu/crtn.o
                0x00001df8                . = ALIGN (0x4)
                0x00001df8                _etext = .

.vfp11_veneer   0x00001df8        0x0
 .vfp11_veneer  0x00000000        0x0 linker stubs

.v4_bx          0x00001df8        0x0
 .v4_bx         0x00000000        0x0 linker stubs

.iplt           0x00001df8        0x0
 .iplt          0x00000000        0x0 c:/freescale/kds_3.0.0/toolchain/bin/../lib/gcc/arm-none-eabi/4.8.4/armv7e-m/fpu/crtbegin.o

.ARM.extab
 *(.ARM.extab* .gnu.linkonce.armextab.*)

.ARM            0x00001df8        0x8
                0x00001df8                __exidx_start = .
 *(.ARM.exidx*)
 .ARM.exidx     0x00001df8        0x8 c:/freescale/kds_3.0.0/toolchain/bin/../lib/gcc/arm-none-eabi/4.8.4/../../../../arm-none-eabi/lib/armv7e-m/fpu/crt0.o
                0x00001e00                __exidx_end = .

.rel.dyn        0x00001e00        0x0
 .rel.iplt      0x00000000        0x0 c:/freescale/kds_3.0.0/toolchain/bin/../lib/gcc/arm-none-eabi/4.8.4/armv7e-m/fpu/crtbegin.o

.ctors          0x00001e00        0x0
                0x00001e00                __CTOR_LIST__ = .
 *crtbegin.o(.ctors)
 *(EXCLUDE_FILE(*crtend.o) .ctors)
 *(SORT(.ctors.*))
 *(.ctors)
                0x00001e00                __CTOR_END__ = .

.dtors          0x00001e00        0x0
                0x00001e00                __DTOR_LIST__ = .
 *crtbegin.o(.dtors)
 *(EXCLUDE_FILE(*crtend.o) .dtors)
 *(SORT(.dtors.*))
 *(.dtors)
                0x00001e00                __DTOR_END__ = .

.preinit_array  0x00001e00        0x0
                0x00001e00                PROVIDE (__preinit_array_start, .)
 *(.preinit_array*)
                0x00001e00                PROVIDE (__preinit_array_end, .)

.init_array     0x00001e00        0x4
                0x00001e00                PROVIDE (__init_array_start, .)
 *(SORT(.init_array.*))
 *(.init_array*)
 .init_array    0x00001e00        0x4 c:/freescale/kds_3.0.0/toolchain/bin/../lib/gcc/arm-none-eabi/4.8.4/armv7e-m/fpu/crtbegin.o
                0x00001e04                PROVIDE (__init_array_end, .)

.fini_array     0x00001e04        0x4
                0x00001e04                PROVIDE (__fini_array_start, .)
 *(SORT(.fini_array.*))
 *(.fini_array*)
 .fini_array    0x00001e04        0x4 c:/freescale/kds_3.0.0/toolchain/bin/../lib/gcc/arm-none-eabi/4.8.4/armv7e-m/fpu/crtbegin.o
                0x00001e08                PROVIDE (__fini_array_end, .)
                0x00001e08                ___ROM_AT = .

.data           0x1fff0000       0x60 load address 0x00001e08
                0x1fff0000                . = ALIGN (0x4)
                0x1fff0000                _sdata = .
 *(.data)
 *(.data*)
 .data.impure_data
                0x1fff0000       0x60 c:/freescale/kds_3.0.0/toolchain/bin/../lib/gcc/arm-none-eabi/4.8.4/../../../../arm-none-eabi/lib/armv7e-m/fpu\libg_s.a(lib_a-impure.o)
                0x1fff0060                . = ALIGN (0x4)
                0x1fff0060                _edata = .
                0x00000060                ___data_size = (_edata - _sdata)
                0x00001e68                ___m_data_20000000_ROMStart = (___ROM_AT + SIZEOF (.data))

.jcr            0x1fff0060        0x0 load address 0x00001e68
 .jcr           0x1fff0060        0x0 c:/freescale/kds_3.0.0/toolchain/bin/../lib/gcc/arm-none-eabi/4.8.4/armv7e-m/fpu/crtbegin.o

.igot.plt       0x1fff0060        0x0 load address 0x00001e68
 .igot.plt      0x00000000        0x0 c:/freescale/kds_3.0.0/toolchain/bin/../lib/gcc/arm-none-eabi/4.8.4/armv7e-m/fpu/crtbegin.o

.m_data_20000000
                0x20000000        0x0 load address 0x00001e68
                0x20000000                . = ALIGN (0x4)
                0x20000000                ___m_data_20000000_RAMStart = .
 *(.m_data_20000000)
                0x20000000                ___m_data_20000000_RAMEnd = .
                0x20000000                . = ALIGN (0x4)
                0x00000000                ___m_data_20000000_ROMSize = (___m_data_20000000_RAMEnd - ___m_data_20000000_RAMStart)
                0x20000000                . = ALIGN (0x4)

.bss            0x1fff0060      0x2a0 load address 0x00001e68
                0x1fff0060                __START_BSS = .
                0x1fff0060                PROVIDE (__bss_start__, __START_BSS)
 *(.bss)
 .bss           0x1fff0060       0x1c c:/freescale/kds_3.0.0/toolchain/bin/../lib/gcc/arm-none-eabi/4.8.4/armv7e-m/fpu/crtbegin.o
 *(.bss*)
 .bss.userCallbacks
                0x1fff007c       0x40 ./Sources/FTM.o
 .bss.availableBytes.5650
                0x1fff00bc        0x1 ./Sources/Flash.o
 *fill*         0x1fff00bd        0x3 
 .bss.ptUserFunction
                0x1fff00c0        0x4 ./Sources/PIT.o
 .bss.ptUserArguments
                0x1fff00c4        0x4 ./Sources/PIT.o
 .bss.timerPeriodNs
                0x1fff00c8        0x4 ./Sources/PIT.o
 .bss.ptUserFunction
                0x1fff00cc        0x4 ./Sources/RTC.o
 .bss.ptUserArguments
                0x1fff00d0        0x4 ./Sources/RTC.o
 .bss.TxFIFO    0x1fff00d4      0x108 ./Sources/UART.o
 .bss.RxFIFO    0x1fff01dc      0x108 ./Sources/UART.o
 .bss.NvTowerNb
                0x1fff02e4        0x4 ./Sources/main.o
 .bss.NvTowerMode
                0x1fff02e8        0x4 ./Sources/main.o
 .bss.PacketBuf
                0x1fff02ec        0x8 ./Sources/packet.o
 .bss.BufNbBytes
                0x1fff02f4        0x1 ./Sources/packet.o
 .bss.SR_lock   0x1fff02f5        0x1 ./Generated_Code/Cpu.o
                0x1fff02f5                SR_lock
 *(COMMON)
 *fill*         0x1fff02f6        0x2 
 COMMON         0x1fff02f8        0x5 ./Sources/packet.o
                0x1fff02f8                Packet
 COMMON         0x1fff02fd        0x1 ./Generated_Code/Cpu.o
                0x1fff02fd                SR_reg
                0x1fff0300                . = ALIGN (0x4)
 *fill*         0x1fff02fe        0x2 
                0x1fff0300                __END_BSS = .
                0x1fff0300                PROVIDE (__bss_end__, __END_BSS)
                0x00001e68                _romp_at = ((___ROM_AT + SIZEOF (.data)) + SIZEOF (.m_data_20000000))

.romp           0x1fff0300       0x24 load address 0x00001e68
                0x00001e68                __S_romp = _romp_at
                0x1fff0300        0x4 LONG 0x1e08 ___ROM_AT
                0x1fff0304        0x4 LONG 0x1fff0000 _sdata
                0x1fff0308        0x4 LONG 0x60 ___data_size
                0x1fff030c        0x4 LONG 0x1e68 ___m_data_20000000_ROMStart
                0x1fff0310        0x4 LONG 0x20000000 ___m_data_20000000_RAMStart
                0x1fff0314        0x4 LONG 0x0 ___m_data_20000000_ROMSize
                0x1fff0318        0x4 LONG 0x0
                0x1fff031c        0x4 LONG 0x0
                0x1fff0320        0x4 LONG 0x0

._user_heap_stack
                0x1fff0324      0x400 load address 0x00001e8c
                0x1fff0324                . = ALIGN (0x4)
                0x1fff0324                PROVIDE (end, .)
                0x1fff0324                PROVIDE (_end, .)
                0x1fff0324                __heap_addr = .
                0x1fff0324                __HeapBase = .
                0x1fff0324                . = (. + __heap_size)
                0x1fff0324                __HeapLimit = .
                0x1fff0724                . = (. + __stack_size)
 *fill*         0x1fff0324      0x400 
                0x1fff0724                . = ALIGN (0x4)

.ARM.attributes
                0x00000000       0x30
 *(.ARM.attributes)
 .ARM.attributes
                0x00000000       0x22 c:/freescale/kds_3.0.0/toolchain/bin/../lib/gcc/arm-none-eabi/4.8.4/armv7e-m/fpu/crti.o
 .ARM.attributes
                0x00000022       0x34 c:/freescale/kds_3.0.0/toolchain/bin/../lib/gcc/arm-none-eabi/4.8.4/armv7e-m/fpu/crtbegin.o
 .ARM.attributes
                0x00000056       0x20 c:/freescale/kds_3.0.0/toolchain/bin/../lib/gcc/arm-none-eabi/4.8.4/../../../../arm-none-eabi/lib/armv7e-m/fpu/crt0.o
 .ARM.attributes
                0x00000076       0x39 ./Sources/FIFO.o
 .ARM.attributes
                0x000000af       0x39 ./Sources/FTM.o
 .ARM.attributes
                0x000000e8       0x39 ./Sources/Flash.o
 .ARM.attributes
                0x00000121       0x39 ./Sources/LEDs.o
 .ARM.attributes
                0x0000015a       0x39 ./Sources/PIT.o
 .ARM.attributes
                0x00000193       0x39 ./Sources/RTC.o
 .ARM.attributes
                0x000001cc       0x39 ./Sources/UART.o
 .ARM.attributes
                0x00000205       0x39 ./Sources/main.o
 .ARM.attributes
                0x0000023e       0x39 ./Sources/packet.o
 .ARM.attributes
                0x00000277       0x39 ./Project_Settings/Startup_Code/startup.o
 .ARM.attributes
                0x000002b0       0x39 ./Generated_Code/Cpu.o
 .ARM.attributes
                0x000002e9       0x39 ./Generated_Code/Vectors.o
 .ARM.attributes
                0x00000322       0x34 c:/freescale/kds_3.0.0/toolchain/bin/../lib/gcc/arm-none-eabi/4.8.4/../../../../arm-none-eabi/lib/armv7e-m/fpu\libg_s.a(lib_a-exit.o)
 .ARM.attributes
                0x00000356       0x34 c:/freescale/kds_3.0.0/toolchain/bin/../lib/gcc/arm-none-eabi/4.8.4/../../../../arm-none-eabi/lib/armv7e-m/fpu\libg_s.a(lib_a-impure.o)
 .ARM.attributes
                0x0000038a       0x34 c:/freescale/kds_3.0.0/toolchain/bin/../lib/gcc/arm-none-eabi/4.8.4/../../../../arm-none-eabi/lib/armv7e-m/fpu\libg_s.a(lib_a-init.o)
 .ARM.attributes
                0x000003be       0x34 c:/freescale/kds_3.0.0/toolchain/bin/../lib/gcc/arm-none-eabi/4.8.4/../../../../arm-none-eabi/lib/armv7e-m/fpu\libg_s.a(lib_a-memset.o)
 .ARM.attributes
                0x000003f2       0x34 c:/freescale/kds_3.0.0/toolchain/bin/../lib/gcc/arm-none-eabi/4.8.4/../../../../arm-none-eabi/lib/armv7e-m/fpu\libnosys.a(_exit.o)
 .ARM.attributes
                0x00000426       0x22 c:/freescale/kds_3.0.0/toolchain/bin/../lib/gcc/arm-none-eabi/4.8.4/armv7e-m/fpu/crtn.o
OUTPUT(Lab3.elf elf32-littlearm)

.debug_info     0x00000000     0x3fa0
 .debug_info    0x00000000      0x208 ./Sources/FIFO.o
 .debug_info    0x00000208      0x67b ./Sources/FTM.o
 .debug_info    0x00000883      0x75c ./Sources/Flash.o
 .debug_info    0x00000fdf      0x490 ./Sources/LEDs.o
 .debug_info    0x0000146f      0x449 ./Sources/PIT.o
 .debug_info    0x000018b8      0x4cb ./Sources/RTC.o
 .debug_info    0x00001d83      0x7af ./Sources/UART.o
 .debug_info    0x00002532      0x69b ./Sources/main.o
 .debug_info    0x00002bcd      0x38b ./Sources/packet.o
 .debug_info    0x00002f58      0x3b0 ./Project_Settings/Startup_Code/startup.o
 .debug_info    0x00003308      0xb89 ./Generated_Code/Cpu.o
 .debug_info    0x00003e91      0x10f ./Generated_Code/Vectors.o

.debug_abbrev   0x00000000     0x1164
 .debug_abbrev  0x00000000       0xfc ./Sources/FIFO.o
 .debug_abbrev  0x000000fc      0x1e5 ./Sources/FTM.o
 .debug_abbrev  0x000002e1      0x1c7 ./Sources/Flash.o
 .debug_abbrev  0x000004a8      0x144 ./Sources/LEDs.o
 .debug_abbrev  0x000005ec      0x16e ./Sources/PIT.o
 .debug_abbrev  0x0000075a      0x15f ./Sources/RTC.o
 .debug_abbrev  0x000008b9      0x184 ./Sources/UART.o
 .debug_abbrev  0x00000a3d      0x1f5 ./Sources/main.o
 .debug_abbrev  0x00000c32      0x180 ./Sources/packet.o
 .debug_abbrev  0x00000db2      0x189 ./Project_Settings/Startup_Code/startup.o
 .debug_abbrev  0x00000f3b      0x185 ./Generated_Code/Cpu.o
 .debug_abbrev  0x000010c0       0xa4 ./Generated_Code/Vectors.o

.debug_aranges  0x00000000      0x360
 .debug_aranges
                0x00000000       0x30 ./Sources/FIFO.o
 .debug_aranges
                0x00000030       0x38 ./Sources/FTM.o
 .debug_aranges
                0x00000068       0x70 ./Sources/Flash.o
 .debug_aranges
                0x000000d8       0x38 ./Sources/LEDs.o
 .debug_aranges
                0x00000110       0x38 ./Sources/PIT.o
 .debug_aranges
                0x00000148       0x38 ./Sources/RTC.o
 .debug_aranges
                0x00000180       0x38 ./Sources/UART.o
 .debug_aranges
                0x000001b8       0xb8 ./Sources/main.o
 .debug_aranges
                0x00000270       0x50 ./Sources/packet.o
 .debug_aranges
                0x000002c0       0x50 ./Project_Settings/Startup_Code/startup.o
 .debug_aranges
                0x00000310       0x38 ./Generated_Code/Cpu.o
 .debug_aranges
                0x00000348       0x18 ./Generated_Code/Vectors.o

.debug_ranges   0x00000000      0x298
 .debug_ranges  0x00000000       0x20 ./Sources/FIFO.o
 .debug_ranges  0x00000020       0x28 ./Sources/FTM.o
 .debug_ranges  0x00000048       0x60 ./Sources/Flash.o
 .debug_ranges  0x000000a8       0x28 ./Sources/LEDs.o
 .debug_ranges  0x000000d0       0x28 ./Sources/PIT.o
 .debug_ranges  0x000000f8       0x28 ./Sources/RTC.o
 .debug_ranges  0x00000120       0x28 ./Sources/UART.o
 .debug_ranges  0x00000148       0xa8 ./Sources/main.o
 .debug_ranges  0x000001f0       0x40 ./Sources/packet.o
 .debug_ranges  0x00000230       0x40 ./Project_Settings/Startup_Code/startup.o
 .debug_ranges  0x00000270       0x28 ./Generated_Code/Cpu.o

.debug_macro    0x00000000    0x1a0f4
 .debug_macro   0x00000000       0xa2 ./Sources/FIFO.o
 .debug_macro   0x000000a2       0x22 ./Sources/FIFO.o
 .debug_macro   0x000000c4     0x1800 ./Sources/FIFO.o
 .debug_macro   0x000018c4       0xa0 ./Sources/FTM.o
 .debug_macro   0x00001964       0x79 ./Sources/Flash.o
 .debug_macro   0x000019dd       0x28 ./Sources/Flash.o
 .debug_macro   0x00001a05       0x6e ./Sources/LEDs.o
 .debug_macro   0x00001a73       0xa0 ./Sources/PIT.o
 .debug_macro   0x00001b13       0x7b ./Sources/RTC.o
 .debug_macro   0x00001b8e       0x7d ./Sources/UART.o
 .debug_macro   0x00001c0b       0x10 ./Sources/UART.o
 .debug_macro   0x00001c1b      0x11e ./Sources/main.o
 .debug_macro   0x00001d39       0x3a ./Sources/main.o
 .debug_macro   0x00001d73       0x2e ./Sources/main.o
 .debug_macro   0x00001da1       0xb1 ./Sources/packet.o
 .debug_macro   0x00001e52       0x34 ./Sources/packet.o
 .debug_macro   0x00001e86      0x121 ./Project_Settings/Startup_Code/startup.o
 .debug_macro   0x00001fa7       0x58 ./Project_Settings/Startup_Code/startup.o
 .debug_macro   0x00001fff       0x35 ./Project_Settings/Startup_Code/startup.o
 .debug_macro   0x00002034       0xa3 ./Project_Settings/Startup_Code/startup.o
 .debug_macro   0x000020d7      0x166 ./Project_Settings/Startup_Code/startup.o
 .debug_macro   0x0000223d       0x4a ./Project_Settings/Startup_Code/startup.o
 .debug_macro   0x00002287       0x52 ./Project_Settings/Startup_Code/startup.o
 .debug_macro   0x000022d9       0x16 ./Project_Settings/Startup_Code/startup.o
 .debug_macro   0x000022ef       0x43 ./Project_Settings/Startup_Code/startup.o
 .debug_macro   0x00002332      0x180 ./Project_Settings/Startup_Code/startup.o
 .debug_macro   0x000024b2      0x2a6 ./Project_Settings/Startup_Code/startup.o
 .debug_macro   0x00002758       0x10 ./Project_Settings/Startup_Code/startup.o
 .debug_macro   0x00002768       0x35 ./Project_Settings/Startup_Code/startup.o
 .debug_macro   0x0000279d       0x16 ./Project_Settings/Startup_Code/startup.o
 .debug_macro   0x000027b3       0x22 ./Project_Settings/Startup_Code/startup.o
 .debug_macro   0x000027d5       0x16 ./Project_Settings/Startup_Code/startup.o
 .debug_macro   0x000027eb      0x20f ./Project_Settings/Startup_Code/startup.o
 .debug_macro   0x000029fa    0x174af ./Project_Settings/Startup_Code/startup.o
 .debug_macro   0x00019ea9       0xda ./Generated_Code/Cpu.o
 .debug_macro   0x00019f83       0x9a ./Generated_Code/Cpu.o
 .debug_macro   0x0001a01d       0xd7 ./Generated_Code/Vectors.o

.debug_line     0x00000000     0x253d
 .debug_line    0x00000000      0x2b5 ./Sources/FIFO.o
 .debug_line    0x000002b5      0x2c9 ./Sources/FTM.o
 .debug_line    0x0000057e      0x2fd ./Sources/Flash.o
 .debug_line    0x0000087b      0x225 ./Sources/LEDs.o
 .debug_line    0x00000aa0      0x2a9 ./Sources/PIT.o
 .debug_line    0x00000d49      0x296 ./Sources/RTC.o
 .debug_line    0x00000fdf      0x259 ./Sources/UART.o
 .debug_line    0x00001238      0x4c8 ./Sources/main.o
 .debug_line    0x00001700      0x346 ./Sources/packet.o
 .debug_line    0x00001a46      0x3e4 ./Project_Settings/Startup_Code/startup.o
 .debug_line    0x00001e2a      0x3cd ./Generated_Code/Cpu.o
 .debug_line    0x000021f7      0x346 ./Generated_Code/Vectors.o

.debug_str      0x00000000    0x8ddeb
 .debug_str     0x00000000    0x8a54e ./Sources/FIFO.o
                              0x8a6d1 (size before relaxing)
 .debug_str     0x0008a54e      0x36e ./Sources/FTM.o
                              0x8a9c5 (size before relaxing)
 .debug_str     0x0008a8bc      0x360 ./Sources/Flash.o
                              0x8319d (size before relaxing)
 .debug_str     0x0008ac1c      0x123 ./Sources/LEDs.o
                              0x82f2e (size before relaxing)
 .debug_str     0x0008ad3f       0xba ./Sources/PIT.o
                              0x8a7f7 (size before relaxing)
 .debug_str     0x0008adf9       0x7c ./Sources/RTC.o
                              0x89f6a (size before relaxing)
 .debug_str     0x0008ae75      0x17c ./Sources/UART.o
                              0x83024 (size before relaxing)
 .debug_str     0x0008aff1      0x495 ./Sources/main.o
                              0x8ae47 (size before relaxing)
 .debug_str     0x0008b486       0xa3 ./Sources/packet.o
                              0x8a9b8 (size before relaxing)
 .debug_str     0x0008b529     0x2663 ./Project_Settings/Startup_Code/startup.o
                              0x853f8 (size before relaxing)
 .debug_str     0x0008db8c      0x243 ./Generated_Code/Cpu.o
                              0x8aa34 (size before relaxing)
 .debug_str     0x0008ddcf       0x1c ./Generated_Code/Vectors.o
                              0x8a67c (size before relaxing)

.comment        0x00000000       0x70
 .comment       0x00000000       0x70 ./Sources/FIFO.o
                                 0x71 (size before relaxing)
 .comment       0x00000000       0x71 ./Sources/FTM.o
 .comment       0x00000000       0x71 ./Sources/Flash.o
 .comment       0x00000000       0x71 ./Sources/LEDs.o
 .comment       0x00000000       0x71 ./Sources/PIT.o
 .comment       0x00000000       0x71 ./Sources/RTC.o
 .comment       0x00000000       0x71 ./Sources/UART.o
 .comment       0x00000000       0x71 ./Sources/main.o
 .comment       0x00000000       0x71 ./Sources/packet.o
 .comment       0x00000000       0x71 ./Project_Settings/Startup_Code/startup.o
 .comment       0x00000000       0x71 ./Generated_Code/Cpu.o
 .comment       0x00000000       0x71 ./Generated_Code/Vectors.o

.debug_frame    0x00000000      0x988
 .debug_frame   0x00000000       0x64 ./Sources/FIFO.o
 .debug_frame   0x00000064       0x88 ./Sources/FTM.o
 .debug_frame   0x000000ec      0x15c ./Sources/Flash.o
 .debug_frame   0x00000248       0x80 ./Sources/LEDs.o
 .debug_frame   0x000002c8       0x8c ./Sources/PIT.o
 .debug_frame   0x00000354       0x8c ./Sources/RTC.o
 .debug_frame   0x000003e0       0x94 ./Sources/UART.o
 .debug_frame   0x00000474      0x264 ./Sources/main.o
 .debug_frame   0x000006d8       0xdc ./Sources/packet.o
 .debug_frame   0x000007b4       0xc0 ./Project_Settings/Startup_Code/startup.o
 .debug_frame   0x00000874       0x80 ./Generated_Code/Cpu.o
 .debug_frame   0x000008f4       0x28 c:/freescale/kds_3.0.0/toolchain/bin/../lib/gcc/arm-none-eabi/4.8.4/../../../../arm-none-eabi/lib/armv7e-m/fpu\libg_s.a(lib_a-exit.o)
 .debug_frame   0x0000091c       0x2c c:/freescale/kds_3.0.0/toolchain/bin/../lib/gcc/arm-none-eabi/4.8.4/../../../../arm-none-eabi/lib/armv7e-m/fpu\libg_s.a(lib_a-init.o)
 .debug_frame   0x00000948       0x20 c:/freescale/kds_3.0.0/toolchain/bin/../lib/gcc/arm-none-eabi/4.8.4/../../../../arm-none-eabi/lib/armv7e-m/fpu\libg_s.a(lib_a-memset.o)
 .debug_frame   0x00000968       0x20 c:/freescale/kds_3.0.0/toolchain/bin/../lib/gcc/arm-none-eabi/4.8.4/../../../../arm-none-eabi/lib/armv7e-m/fpu\libnosys.a(_exit.o)
