Archive member included because of file (symbol)

c:/freescale/kds_3.0.0/toolchain/bin/../lib/gcc/arm-none-eabi/4.8.4/../../../../arm-none-eabi/lib/armv7e-m/fpu\libg_s.a(lib_a-exit.o)
                              c:/freescale/kds_3.0.0/toolchain/bin/../lib/gcc/arm-none-eabi/4.8.4/../../../../arm-none-eabi/lib/armv7e-m/fpu/crt0.o (exit)
c:/freescale/kds_3.0.0/toolchain/bin/../lib/gcc/arm-none-eabi/4.8.4/../../../../arm-none-eabi/lib/armv7e-m/fpu\libg_s.a(lib_a-impure.o)
                              c:/freescale/kds_3.0.0/toolchain/bin/../lib/gcc/arm-none-eabi/4.8.4/../../../../arm-none-eabi/lib/armv7e-m/fpu\libg_s.a(lib_a-exit.o) (_global_impure_ptr)
c:/freescale/kds_3.0.0/toolchain/bin/../lib/gcc/arm-none-eabi/4.8.4/../../../../arm-none-eabi/lib/armv7e-m/fpu\libg_s.a(lib_a-init.o)
                              c:/freescale/kds_3.0.0/toolchain/bin/../lib/gcc/arm-none-eabi/4.8.4/../../../../arm-none-eabi/lib/armv7e-m/fpu/crt0.o (__libc_init_array)
c:/freescale/kds_3.0.0/toolchain/bin/../lib/gcc/arm-none-eabi/4.8.4/../../../../arm-none-eabi/lib/armv7e-m/fpu\libg_s.a(lib_a-memset.o)
                              c:/freescale/kds_3.0.0/toolchain/bin/../lib/gcc/arm-none-eabi/4.8.4/../../../../arm-none-eabi/lib/armv7e-m/fpu/crt0.o (memset)
c:/freescale/kds_3.0.0/toolchain/bin/../lib/gcc/arm-none-eabi/4.8.4/../../../../arm-none-eabi/lib/armv7e-m/fpu\libnosys.a(_exit.o)
                              c:/freescale/kds_3.0.0/toolchain/bin/../lib/gcc/arm-none-eabi/4.8.4/../../../../arm-none-eabi/lib/armv7e-m/fpu\libg_s.a(lib_a-exit.o) (_exit)

Allocating common symbols
Common symbol       size              file

Packet              0x5               ./Sources/packet.o
SR_reg              0x1               ./Generated_Code/Cpu.o

Discarded input sections

 .text          0x00000000        0x0 c:/freescale/kds_3.0.0/toolchain/bin/../lib/gcc/arm-none-eabi/4.8.4/armv7e-m/fpu/crti.o
 .data          0x00000000        0x0 c:/freescale/kds_3.0.0/toolchain/bin/../lib/gcc/arm-none-eabi/4.8.4/armv7e-m/fpu/crti.o
 .bss           0x00000000        0x0 c:/freescale/kds_3.0.0/toolchain/bin/../lib/gcc/arm-none-eabi/4.8.4/armv7e-m/fpu/crti.o
 .data          0x00000000        0x4 c:/freescale/kds_3.0.0/toolchain/bin/../lib/gcc/arm-none-eabi/4.8.4/armv7e-m/fpu/crtbegin.o
 .data          0x00000000        0x0 c:/freescale/kds_3.0.0/toolchain/bin/../lib/gcc/arm-none-eabi/4.8.4/../../../../arm-none-eabi/lib/armv7e-m/fpu/crt0.o
 .bss           0x00000000        0x0 c:/freescale/kds_3.0.0/toolchain/bin/../lib/gcc/arm-none-eabi/4.8.4/../../../../arm-none-eabi/lib/armv7e-m/fpu/crt0.o
 .ARM.extab     0x00000000        0x0 c:/freescale/kds_3.0.0/toolchain/bin/../lib/gcc/arm-none-eabi/4.8.4/../../../../arm-none-eabi/lib/armv7e-m/fpu/crt0.o
 .group         0x00000000        0x8 ./Sources/FIFO.o
 .group         0x00000000        0x8 ./Sources/FIFO.o
 .group         0x00000000        0x8 ./Sources/FIFO.o
 .group         0x00000000        0x8 ./Sources/FIFO.o
 .group         0x00000000        0x8 ./Sources/FIFO.o
 .text          0x00000000        0x0 ./Sources/FIFO.o
 .data          0x00000000        0x0 ./Sources/FIFO.o
 .bss           0x00000000        0x0 ./Sources/FIFO.o
 .group         0x00000000        0x8 ./Sources/Flash.o
 .group         0x00000000        0x8 ./Sources/Flash.o
 .group         0x00000000        0x8 ./Sources/Flash.o
 .group         0x00000000        0x8 ./Sources/Flash.o
 .group         0x00000000        0x8 ./Sources/Flash.o
 .group         0x00000000        0x8 ./Sources/Flash.o
 .group         0x00000000        0x8 ./Sources/Flash.o
 .text          0x00000000        0x0 ./Sources/Flash.o
 .data          0x00000000        0x0 ./Sources/Flash.o
 .bss           0x00000000        0x0 ./Sources/Flash.o
 .text.Flash_Write32
                0x00000000       0x20 ./Sources/Flash.o
 .debug_macro   0x00000000      0x850 ./Sources/Flash.o
 .debug_macro   0x00000000       0x16 ./Sources/Flash.o
 .debug_macro   0x00000000       0x44 ./Sources/Flash.o
 .debug_macro   0x00000000      0x209 ./Sources/Flash.o
 .debug_macro   0x00000000       0x22 ./Sources/Flash.o
 .group         0x00000000        0x8 ./Sources/LEDs.o
 .group         0x00000000        0x8 ./Sources/LEDs.o
 .group         0x00000000        0x8 ./Sources/LEDs.o
 .group         0x00000000        0x8 ./Sources/LEDs.o
 .group         0x00000000        0x8 ./Sources/LEDs.o
 .group         0x00000000        0x8 ./Sources/LEDs.o
 .text          0x00000000        0x0 ./Sources/LEDs.o
 .data          0x00000000        0x0 ./Sources/LEDs.o
 .bss           0x00000000        0x0 ./Sources/LEDs.o
 .text.LEDs_Toggle
                0x00000000       0x1c ./Sources/LEDs.o
 .debug_macro   0x00000000      0x850 ./Sources/LEDs.o
 .debug_macro   0x00000000       0x16 ./Sources/LEDs.o
 .debug_macro   0x00000000       0x44 ./Sources/LEDs.o
 .debug_macro   0x00000000      0x209 ./Sources/LEDs.o
 .debug_macro   0x00000000       0x22 ./Sources/LEDs.o
 .debug_macro   0x00000000    0x174c1 ./Sources/LEDs.o
 .group         0x00000000        0x8 ./Sources/UART.o
 .group         0x00000000        0x8 ./Sources/UART.o
 .group         0x00000000        0x8 ./Sources/UART.o
 .group         0x00000000        0x8 ./Sources/UART.o
 .group         0x00000000        0x8 ./Sources/UART.o
 .group         0x00000000        0x8 ./Sources/UART.o
 .group         0x00000000        0x8 ./Sources/UART.o
 .text          0x00000000        0x0 ./Sources/UART.o
 .data          0x00000000        0x0 ./Sources/UART.o
 .bss           0x00000000        0x0 ./Sources/UART.o
 .debug_macro   0x00000000      0x850 ./Sources/UART.o
 .debug_macro   0x00000000       0x16 ./Sources/UART.o
 .debug_macro   0x00000000       0x44 ./Sources/UART.o
 .debug_macro   0x00000000      0x209 ./Sources/UART.o
 .debug_macro   0x00000000       0x22 ./Sources/UART.o
 .debug_macro   0x00000000    0x174c1 ./Sources/UART.o
 .group         0x00000000        0x8 ./Sources/main.o
 .group         0x00000000        0x8 ./Sources/main.o
 .group         0x00000000        0x8 ./Sources/main.o
 .group         0x00000000        0x8 ./Sources/main.o
 .group         0x00000000        0x8 ./Sources/main.o
 .group         0x00000000        0x8 ./Sources/main.o
 .group         0x00000000        0x8 ./Sources/main.o
 .group         0x00000000        0x8 ./Sources/main.o
 .group         0x00000000        0x8 ./Sources/main.o
 .group         0x00000000        0x8 ./Sources/main.o
 .group         0x00000000        0x8 ./Sources/main.o
 .group         0x00000000        0x8 ./Sources/main.o
 .text          0x00000000        0x0 ./Sources/main.o
 .data          0x00000000        0x0 ./Sources/main.o
 .bss           0x00000000        0x0 ./Sources/main.o
 .rodata.PACKET_ACK_MASK
                0x00000000        0x1 ./Sources/main.o
 .rodata.BAUD_RATE
                0x00000000        0x4 ./Sources/main.o
 .debug_macro   0x00000000      0x850 ./Sources/main.o
 .debug_macro   0x00000000       0x16 ./Sources/main.o
 .debug_macro   0x00000000       0x44 ./Sources/main.o
 .debug_macro   0x00000000      0x209 ./Sources/main.o
 .debug_macro   0x00000000    0x174c1 ./Sources/main.o
 .debug_macro   0x00000000       0x22 ./Sources/main.o
 .group         0x00000000        0x8 ./Sources/packet.o
 .group         0x00000000        0x8 ./Sources/packet.o
 .group         0x00000000        0x8 ./Sources/packet.o
 .group         0x00000000        0x8 ./Sources/packet.o
 .group         0x00000000        0x8 ./Sources/packet.o
 .group         0x00000000        0x8 ./Sources/packet.o
 .text          0x00000000        0x0 ./Sources/packet.o
 .data          0x00000000        0x0 ./Sources/packet.o
 .bss           0x00000000        0x0 ./Sources/packet.o
 .debug_macro   0x00000000      0x850 ./Sources/packet.o
 .debug_macro   0x00000000       0x16 ./Sources/packet.o
 .debug_macro   0x00000000       0x44 ./Sources/packet.o
 .debug_macro   0x00000000      0x209 ./Sources/packet.o
 .debug_macro   0x00000000       0x22 ./Sources/packet.o
 .group         0x00000000        0x8 ./Project_Settings/Startup_Code/startup.o
 .group         0x00000000        0x8 ./Project_Settings/Startup_Code/startup.o
 .group         0x00000000        0x8 ./Project_Settings/Startup_Code/startup.o
 .group         0x00000000        0x8 ./Project_Settings/Startup_Code/startup.o
 .group         0x00000000        0x8 ./Project_Settings/Startup_Code/startup.o
 .group         0x00000000        0x8 ./Project_Settings/Startup_Code/startup.o
 .group         0x00000000        0x8 ./Project_Settings/Startup_Code/startup.o
 .group         0x00000000        0x8 ./Project_Settings/Startup_Code/startup.o
 .group         0x00000000        0x8 ./Project_Settings/Startup_Code/startup.o
 .group         0x00000000        0x8 ./Project_Settings/Startup_Code/startup.o
 .group         0x00000000        0x8 ./Project_Settings/Startup_Code/startup.o
 .group         0x00000000        0x8 ./Project_Settings/Startup_Code/startup.o
 .group         0x00000000        0x8 ./Project_Settings/Startup_Code/startup.o
 .group         0x00000000        0x8 ./Project_Settings/Startup_Code/startup.o
 .group         0x00000000        0x8 ./Project_Settings/Startup_Code/startup.o
 .group         0x00000000        0x8 ./Project_Settings/Startup_Code/startup.o
 .group         0x00000000        0x8 ./Project_Settings/Startup_Code/startup.o
 .group         0x00000000        0x8 ./Project_Settings/Startup_Code/startup.o
 .group         0x00000000        0x8 ./Project_Settings/Startup_Code/startup.o
 .text          0x00000000        0x0 ./Project_Settings/Startup_Code/startup.o
 .data          0x00000000        0x0 ./Project_Settings/Startup_Code/startup.o
 .bss           0x00000000        0x0 ./Project_Settings/Startup_Code/startup.o
 .text.__init_hardware
                0x00000000        0xc ./Project_Settings/Startup_Code/startup.o
 .text.__iar_program_start
                0x00000000        0xc ./Project_Settings/Startup_Code/startup.o
 .debug_macro   0x00000000      0x850 ./Project_Settings/Startup_Code/startup.o
 .debug_macro   0x00000000       0x16 ./Project_Settings/Startup_Code/startup.o
 .group         0x00000000        0x8 ./Generated_Code/Cpu.o
 .group         0x00000000        0x8 ./Generated_Code/Cpu.o
 .group         0x00000000        0x8 ./Generated_Code/Cpu.o
 .group         0x00000000        0x8 ./Generated_Code/Cpu.o
 .group         0x00000000        0x8 ./Generated_Code/Cpu.o
 .group         0x00000000        0x8 ./Generated_Code/Cpu.o
 .group         0x00000000        0x8 ./Generated_Code/Cpu.o
 .group         0x00000000        0x8 ./Generated_Code/Cpu.o
 .group         0x00000000        0x8 ./Generated_Code/Cpu.o
 .text          0x00000000        0x0 ./Generated_Code/Cpu.o
 .data          0x00000000        0x0 ./Generated_Code/Cpu.o
 .bss           0x00000000        0x0 ./Generated_Code/Cpu.o
 .bss.SR_lock   0x00000000        0x1 ./Generated_Code/Cpu.o
 .debug_macro   0x00000000      0x850 ./Generated_Code/Cpu.o
 .debug_macro   0x00000000       0x16 ./Generated_Code/Cpu.o
 .debug_macro   0x00000000       0x44 ./Generated_Code/Cpu.o
 .debug_macro   0x00000000      0x209 ./Generated_Code/Cpu.o
 .debug_macro   0x00000000     0x17fa ./Generated_Code/Cpu.o
 .debug_macro   0x00000000      0x14e ./Generated_Code/Cpu.o
 .debug_macro   0x00000000       0x64 ./Generated_Code/Cpu.o
 .debug_macro   0x00000000    0x174c1 ./Generated_Code/Cpu.o
 COMMON         0x00000000        0x1 ./Generated_Code/Cpu.o
 .group         0x00000000        0x8 ./Generated_Code/PE_LDD.o
 .group         0x00000000        0x8 ./Generated_Code/PE_LDD.o
 .group         0x00000000        0x8 ./Generated_Code/PE_LDD.o
 .group         0x00000000        0x8 ./Generated_Code/PE_LDD.o
 .group         0x00000000        0x8 ./Generated_Code/PE_LDD.o
 .group         0x00000000        0x8 ./Generated_Code/PE_LDD.o
 .group         0x00000000        0x8 ./Generated_Code/PE_LDD.o
 .group         0x00000000        0x8 ./Generated_Code/PE_LDD.o
 .group         0x00000000        0x8 ./Generated_Code/PE_LDD.o
 .text          0x00000000        0x0 ./Generated_Code/PE_LDD.o
 .data          0x00000000        0x0 ./Generated_Code/PE_LDD.o
 .bss           0x00000000        0x0 ./Generated_Code/PE_LDD.o
 .rodata.PE_CpuClockConfigurations
                0x00000000       0x28 ./Generated_Code/PE_LDD.o
 .text.PE_FillMemory
                0x00000000       0x24 ./Generated_Code/PE_LDD.o
 .text.PE_PeripheralUsed
                0x00000000       0x18 ./Generated_Code/PE_LDD.o
 .text.LDD_SetClockConfiguration
                0x00000000       0x14 ./Generated_Code/PE_LDD.o
 .debug_info    0x00000000      0x215 ./Generated_Code/PE_LDD.o
 .debug_abbrev  0x00000000       0xf3 ./Generated_Code/PE_LDD.o
 .debug_aranges
                0x00000000       0x30 ./Generated_Code/PE_LDD.o
 .debug_ranges  0x00000000       0x20 ./Generated_Code/PE_LDD.o
 .debug_macro   0x00000000       0x8f ./Generated_Code/PE_LDD.o
 .debug_macro   0x00000000      0x850 ./Generated_Code/PE_LDD.o
 .debug_macro   0x00000000       0x16 ./Generated_Code/PE_LDD.o
 .debug_macro   0x00000000       0x44 ./Generated_Code/PE_LDD.o
 .debug_macro   0x00000000      0x209 ./Generated_Code/PE_LDD.o
 .debug_macro   0x00000000     0x17fa ./Generated_Code/PE_LDD.o
 .debug_macro   0x00000000      0x14e ./Generated_Code/PE_LDD.o
 .debug_macro   0x00000000       0x64 ./Generated_Code/PE_LDD.o
 .debug_macro   0x00000000    0x174c1 ./Generated_Code/PE_LDD.o
 .debug_macro   0x00000000       0x94 ./Generated_Code/PE_LDD.o
 .debug_line    0x00000000      0x24a ./Generated_Code/PE_LDD.o
 .debug_str     0x00000000    0x8a783 ./Generated_Code/PE_LDD.o
 .comment       0x00000000       0x71 ./Generated_Code/PE_LDD.o
 .ARM.attributes
                0x00000000       0x39 ./Generated_Code/PE_LDD.o
 .debug_frame   0x00000000       0x64 ./Generated_Code/PE_LDD.o
 .group         0x00000000        0x8 ./Generated_Code/Vectors.o
 .group         0x00000000        0x8 ./Generated_Code/Vectors.o
 .group         0x00000000        0x8 ./Generated_Code/Vectors.o
 .group         0x00000000        0x8 ./Generated_Code/Vectors.o
 .group         0x00000000        0x8 ./Generated_Code/Vectors.o
 .group         0x00000000        0x8 ./Generated_Code/Vectors.o
 .group         0x00000000        0x8 ./Generated_Code/Vectors.o
 .group         0x00000000        0x8 ./Generated_Code/Vectors.o
 .group         0x00000000        0x8 ./Generated_Code/Vectors.o
 .text          0x00000000        0x0 ./Generated_Code/Vectors.o
 .data          0x00000000        0x0 ./Generated_Code/Vectors.o
 .bss           0x00000000        0x0 ./Generated_Code/Vectors.o
 .debug_macro   0x00000000      0x850 ./Generated_Code/Vectors.o
 .debug_macro   0x00000000       0x16 ./Generated_Code/Vectors.o
 .debug_macro   0x00000000       0x44 ./Generated_Code/Vectors.o
 .debug_macro   0x00000000      0x209 ./Generated_Code/Vectors.o
 .debug_macro   0x00000000     0x17fa ./Generated_Code/Vectors.o
 .debug_macro   0x00000000      0x14e ./Generated_Code/Vectors.o
 .debug_macro   0x00000000       0x64 ./Generated_Code/Vectors.o
 .debug_macro   0x00000000    0x174c1 ./Generated_Code/Vectors.o
 .debug_macro   0x00000000       0x94 ./Generated_Code/Vectors.o
 .text          0x00000000        0x0 c:/freescale/kds_3.0.0/toolchain/bin/../lib/gcc/arm-none-eabi/4.8.4/../../../../arm-none-eabi/lib/armv7e-m/fpu\libg_s.a(lib_a-exit.o)
 .data          0x00000000        0x0 c:/freescale/kds_3.0.0/toolchain/bin/../lib/gcc/arm-none-eabi/4.8.4/../../../../arm-none-eabi/lib/armv7e-m/fpu\libg_s.a(lib_a-exit.o)
 .bss           0x00000000        0x0 c:/freescale/kds_3.0.0/toolchain/bin/../lib/gcc/arm-none-eabi/4.8.4/../../../../arm-none-eabi/lib/armv7e-m/fpu\libg_s.a(lib_a-exit.o)
 .text          0x00000000        0x0 c:/freescale/kds_3.0.0/toolchain/bin/../lib/gcc/arm-none-eabi/4.8.4/../../../../arm-none-eabi/lib/armv7e-m/fpu\libg_s.a(lib_a-impure.o)
 .data          0x00000000        0x0 c:/freescale/kds_3.0.0/toolchain/bin/../lib/gcc/arm-none-eabi/4.8.4/../../../../arm-none-eabi/lib/armv7e-m/fpu\libg_s.a(lib_a-impure.o)
 .bss           0x00000000        0x0 c:/freescale/kds_3.0.0/toolchain/bin/../lib/gcc/arm-none-eabi/4.8.4/../../../../arm-none-eabi/lib/armv7e-m/fpu\libg_s.a(lib_a-impure.o)
 .data._impure_ptr
                0x00000000        0x4 c:/freescale/kds_3.0.0/toolchain/bin/../lib/gcc/arm-none-eabi/4.8.4/../../../../arm-none-eabi/lib/armv7e-m/fpu\libg_s.a(lib_a-impure.o)
 .text          0x00000000        0x0 c:/freescale/kds_3.0.0/toolchain/bin/../lib/gcc/arm-none-eabi/4.8.4/../../../../arm-none-eabi/lib/armv7e-m/fpu\libg_s.a(lib_a-init.o)
 .data          0x00000000        0x0 c:/freescale/kds_3.0.0/toolchain/bin/../lib/gcc/arm-none-eabi/4.8.4/../../../../arm-none-eabi/lib/armv7e-m/fpu\libg_s.a(lib_a-init.o)
 .bss           0x00000000        0x0 c:/freescale/kds_3.0.0/toolchain/bin/../lib/gcc/arm-none-eabi/4.8.4/../../../../arm-none-eabi/lib/armv7e-m/fpu\libg_s.a(lib_a-init.o)
 .text          0x00000000        0x0 c:/freescale/kds_3.0.0/toolchain/bin/../lib/gcc/arm-none-eabi/4.8.4/../../../../arm-none-eabi/lib/armv7e-m/fpu\libg_s.a(lib_a-memset.o)
 .data          0x00000000        0x0 c:/freescale/kds_3.0.0/toolchain/bin/../lib/gcc/arm-none-eabi/4.8.4/../../../../arm-none-eabi/lib/armv7e-m/fpu\libg_s.a(lib_a-memset.o)
 .bss           0x00000000        0x0 c:/freescale/kds_3.0.0/toolchain/bin/../lib/gcc/arm-none-eabi/4.8.4/../../../../arm-none-eabi/lib/armv7e-m/fpu\libg_s.a(lib_a-memset.o)
 .text          0x00000000        0x0 c:/freescale/kds_3.0.0/toolchain/bin/../lib/gcc/arm-none-eabi/4.8.4/../../../../arm-none-eabi/lib/armv7e-m/fpu\libnosys.a(_exit.o)
 .data          0x00000000        0x0 c:/freescale/kds_3.0.0/toolchain/bin/../lib/gcc/arm-none-eabi/4.8.4/../../../../arm-none-eabi/lib/armv7e-m/fpu\libnosys.a(_exit.o)
 .bss           0x00000000        0x0 c:/freescale/kds_3.0.0/toolchain/bin/../lib/gcc/arm-none-eabi/4.8.4/../../../../arm-none-eabi/lib/armv7e-m/fpu\libnosys.a(_exit.o)
 .text          0x00000000        0x0 c:/freescale/kds_3.0.0/toolchain/bin/../lib/gcc/arm-none-eabi/4.8.4/armv7e-m/fpu/crtend.o
 .data          0x00000000        0x0 c:/freescale/kds_3.0.0/toolchain/bin/../lib/gcc/arm-none-eabi/4.8.4/armv7e-m/fpu/crtend.o
 .bss           0x00000000        0x0 c:/freescale/kds_3.0.0/toolchain/bin/../lib/gcc/arm-none-eabi/4.8.4/armv7e-m/fpu/crtend.o
 .eh_frame      0x00000000        0x4 c:/freescale/kds_3.0.0/toolchain/bin/../lib/gcc/arm-none-eabi/4.8.4/armv7e-m/fpu/crtend.o
 .jcr           0x00000000        0x4 c:/freescale/kds_3.0.0/toolchain/bin/../lib/gcc/arm-none-eabi/4.8.4/armv7e-m/fpu/crtend.o
 .ARM.attributes
                0x00000000       0x34 c:/freescale/kds_3.0.0/toolchain/bin/../lib/gcc/arm-none-eabi/4.8.4/armv7e-m/fpu/crtend.o
 .text          0x00000000        0x0 c:/freescale/kds_3.0.0/toolchain/bin/../lib/gcc/arm-none-eabi/4.8.4/armv7e-m/fpu/crtn.o
 .data          0x00000000        0x0 c:/freescale/kds_3.0.0/toolchain/bin/../lib/gcc/arm-none-eabi/4.8.4/armv7e-m/fpu/crtn.o
 .bss           0x00000000        0x0 c:/freescale/kds_3.0.0/toolchain/bin/../lib/gcc/arm-none-eabi/4.8.4/armv7e-m/fpu/crtn.o

Memory Configuration

Name             Origin             Length             Attributes
m_interrupts     0x00000000         0x000001e8         xr
m_text           0x00000410         0x0007fbf0         xr
m_data           0x1fff0000         0x00010000         rw
m_data_20000000  0x20000000         0x00010000         rw
m_cfmprotrom     0x00000400         0x00000010         xr
*default*        0x00000000         0xffffffff

Linker script and memory map

LOAD c:/freescale/kds_3.0.0/toolchain/bin/../lib/gcc/arm-none-eabi/4.8.4/armv7e-m/fpu/crti.o
LOAD c:/freescale/kds_3.0.0/toolchain/bin/../lib/gcc/arm-none-eabi/4.8.4/armv7e-m/fpu/crtbegin.o
LOAD c:/freescale/kds_3.0.0/toolchain/bin/../lib/gcc/arm-none-eabi/4.8.4/../../../../arm-none-eabi/lib/armv7e-m/fpu/crt0.o
LOAD ./Sources/FIFO.o
LOAD ./Sources/Flash.o
LOAD ./Sources/LEDs.o
LOAD ./Sources/UART.o
LOAD ./Sources/main.o
LOAD ./Sources/packet.o
LOAD ./Project_Settings/Startup_Code/startup.o
LOAD ./Generated_Code/Cpu.o
LOAD ./Generated_Code/PE_LDD.o
LOAD ./Generated_Code/Vectors.o
LOAD c:/freescale/kds_3.0.0/toolchain/bin/../lib/gcc/arm-none-eabi/4.8.4/../../../../arm-none-eabi/lib/armv7e-m/fpu\libstdc++_s.a
LOAD c:/freescale/kds_3.0.0/toolchain/bin/../lib/gcc/arm-none-eabi/4.8.4/../../../../arm-none-eabi/lib/armv7e-m/fpu\libm.a
START GROUP
LOAD c:/freescale/kds_3.0.0/toolchain/bin/../lib/gcc/arm-none-eabi/4.8.4/armv7e-m/fpu\libgcc.a
LOAD c:/freescale/kds_3.0.0/toolchain/bin/../lib/gcc/arm-none-eabi/4.8.4/../../../../arm-none-eabi/lib/armv7e-m/fpu\libg_s.a
LOAD c:/freescale/kds_3.0.0/toolchain/bin/../lib/gcc/arm-none-eabi/4.8.4/../../../../arm-none-eabi/lib/armv7e-m/fpu\libc_s.a
END GROUP
START GROUP
LOAD c:/freescale/kds_3.0.0/toolchain/bin/../lib/gcc/arm-none-eabi/4.8.4/armv7e-m/fpu\libgcc.a
LOAD c:/freescale/kds_3.0.0/toolchain/bin/../lib/gcc/arm-none-eabi/4.8.4/../../../../arm-none-eabi/lib/armv7e-m/fpu\libc_s.a
LOAD c:/freescale/kds_3.0.0/toolchain/bin/../lib/gcc/arm-none-eabi/4.8.4/../../../../arm-none-eabi/lib/armv7e-m/fpu\libnosys.a
END GROUP
START GROUP
LOAD c:/freescale/kds_3.0.0/toolchain/bin/../lib/gcc/arm-none-eabi/4.8.4/armv7e-m/fpu\libgcc.a
LOAD c:/freescale/kds_3.0.0/toolchain/bin/../lib/gcc/arm-none-eabi/4.8.4/../../../../arm-none-eabi/lib/armv7e-m/fpu\libc_s.a
LOAD c:/freescale/kds_3.0.0/toolchain/bin/../lib/gcc/arm-none-eabi/4.8.4/../../../../arm-none-eabi/lib/armv7e-m/fpu\libnosys.a
END GROUP
LOAD c:/freescale/kds_3.0.0/toolchain/bin/../lib/gcc/arm-none-eabi/4.8.4/armv7e-m/fpu/crtend.o
LOAD c:/freescale/kds_3.0.0/toolchain/bin/../lib/gcc/arm-none-eabi/4.8.4/armv7e-m/fpu/crtn.o
                0x20000000                _estack = 0x20000000
                0x20000000                __SP_INIT = _estack
                0x20000000                __stack = _estack
                0x00000000                __heap_size = 0x0
                0x00000400                __stack_size = 0x400

.interrupts     0x00000000      0x1e8
                0x00000000                __vector_table = .
                0x00000000                . = ALIGN (0x4)
 *(.vectortable)
 .vectortable   0x00000000      0x1e8 ./Generated_Code/Vectors.o
                0x00000000                __vect_table
                0x000001e8                . = ALIGN (0x4)

.cfmprotect     0x00000400       0x10
                0x00000400                . = ALIGN (0x4)
 *(.cfmconfig)
 .cfmconfig     0x00000400       0x10 ./Generated_Code/Cpu.o
                0x00000400                _cfm
                0x00000410                . = ALIGN (0x4)

.text           0x00000410     0x1278
                0x00000410                . = ALIGN (0x4)
 *(.text)
 .text          0x00000410       0x54 c:/freescale/kds_3.0.0/toolchain/bin/../lib/gcc/arm-none-eabi/4.8.4/armv7e-m/fpu/crtbegin.o
 .text          0x00000464       0x74 c:/freescale/kds_3.0.0/toolchain/bin/../lib/gcc/arm-none-eabi/4.8.4/../../../../arm-none-eabi/lib/armv7e-m/fpu/crt0.o
                0x00000464                _start
                0x00000464                _mainCRTStartup
 *(.text*)
 .text.FIFO_Init
                0x000004d8       0x24 ./Sources/FIFO.o
                0x000004d8                FIFO_Init
 .text.FIFO_Put
                0x000004fc       0x64 ./Sources/FIFO.o
                0x000004fc                FIFO_Put
 .text.FIFO_Get
                0x00000560       0x64 ./Sources/FIFO.o
                0x00000560                FIFO_Get
 .text.LaunchCommand
                0x000005c4       0x88 ./Sources/Flash.o
 .text.WritePhrase
                0x0000064c       0x30 ./Sources/Flash.o
 .text.EraseSector
                0x0000067c       0x24 ./Sources/Flash.o
 .text.ModifySector
                0x000006a0       0x3c ./Sources/Flash.o
 .text.Flash_WriteN
                0x000006dc       0x98 ./Sources/Flash.o
 .text.Flash_Init
                0x00000774       0x2c ./Sources/Flash.o
                0x00000774                Flash_Init
 .text.Flash_AllocateVar
                0x000007a0       0x8c ./Sources/Flash.o
                0x000007a0                Flash_AllocateVar
 .text.Flash_Write16
                0x0000082c       0x24 ./Sources/Flash.o
                0x0000082c                Flash_Write16
 .text.Flash_Write8
                0x00000850       0x24 ./Sources/Flash.o
                0x00000850                Flash_Write8
 .text.Flash_Erase
                0x00000874       0x14 ./Sources/Flash.o
                0x00000874                Flash_Erase
 .text.LEDs_Init
                0x00000888       0xa8 ./Sources/LEDs.o
                0x00000888                LEDs_Init
 .text.LEDs_On  0x00000930       0x1c ./Sources/LEDs.o
                0x00000930                LEDs_On
 .text.LEDs_Off
                0x0000094c       0x1c ./Sources/LEDs.o
                0x0000094c                LEDs_Off
 .text.UART_Init
                0x00000968      0x1d4 ./Sources/UART.o
                0x00000968                UART_Init
 .text.UART_InChar
                0x00000b3c       0x20 ./Sources/UART.o
                0x00000b3c                UART_InChar
 .text.UART_OutChar
                0x00000b5c       0x24 ./Sources/UART.o
                0x00000b5c                UART_OutChar
 .text.UART_Poll
                0x00000b80       0x58 ./Sources/UART.o
                0x00000b80                UART_Poll
 .text.SendStartup
                0x00000bd8       0x14 ./Sources/main.o
 .text.SendVersion
                0x00000bec       0x14 ./Sources/main.o
 .text.SendTowerNumber
                0x00000c00       0x24 ./Sources/main.o
 .text.SendTowerMode
                0x00000c24       0x24 ./Sources/main.o
 .text.HandleStartup
                0x00000c48       0x3c ./Sources/main.o
 .text.HandleProgramByte
                0x00000c84       0x50 ./Sources/main.o
 .text.HandleReadByte
                0x00000cd4       0x40 ./Sources/main.o
 .text.HandleTowerMode
                0x00000d14       0x4c ./Sources/main.o
 .text.HandleSpecial
                0x00000d60       0x30 ./Sources/main.o
 .text.HandleTowerNumber
                0x00000d90       0x4c ./Sources/main.o
 .text.HandlePacket
                0x00000ddc       0x80 ./Sources/main.o
 .text.SendAcknowledgeIfRequired
                0x00000e5c       0x50 ./Sources/main.o
 .text.InitializeComponents
                0x00000eac       0x38 ./Sources/main.o
 .text.AllocateAndSet
                0x00000ee4       0x44 ./Sources/main.o
 .text.main     0x00000f28       0x5c ./Sources/main.o
                0x00000f28                main
 .text.Packet_Init
                0x00000f84       0x28 ./Sources/packet.o
                0x00000f84                Packet_Init
 .text.ReadNextByte
                0x00000fac       0x40 ./Sources/packet.o
 .text.IsChecksumValid
                0x00000fec       0x4c ./Sources/packet.o
 .text.ShiftBuffer
                0x00001038       0x44 ./Sources/packet.o
 .text.SetValuesAndResetBuffer
                0x0000107c       0x40 ./Sources/packet.o
 .text.Packet_Get
                0x000010bc       0x38 ./Sources/packet.o
                0x000010bc                Packet_Get
 .text.Packet_Put
                0x000010f4       0x7c ./Sources/packet.o
                0x000010f4                Packet_Put
 .text.__copy_rom_section
                0x00001170       0xe4 ./Project_Settings/Startup_Code/startup.o
                0x00001170                __copy_rom_section
 .text.__copy_rom_sections_to_ram
                0x00001254       0x9c ./Project_Settings/Startup_Code/startup.o
                0x00001254                __copy_rom_sections_to_ram
 .text.__init_registers
                0x000012f0       0x20 ./Project_Settings/Startup_Code/startup.o
                0x000012f0                __init_registers
 .text.__init_user
                0x00001310        0xc ./Project_Settings/Startup_Code/startup.o
                0x00001310                __init_user
 .text.__thumb_startup
                0x0000131c       0x34 ./Project_Settings/Startup_Code/startup.o
                0x0000131c                __thumb_startup
 .text.Cpu_Interrupt
                0x00001350       0x18 ./Generated_Code/Cpu.o
                0x00001350                Cpu_Interrupt
 .text.__init_hardware
                0x00001368      0x17c ./Generated_Code/Cpu.o
                0x00001368                __init_hardware
 .text.Cpu_SetBASEPRI
                0x000014e4       0x18 ./Generated_Code/Cpu.o
                0x000014e4                Cpu_SetBASEPRI
 .text.PE_low_level_init
                0x000014fc       0xe4 ./Generated_Code/Cpu.o
                0x000014fc                PE_low_level_init
 .text.exit     0x000015e0       0x28 c:/freescale/kds_3.0.0/toolchain/bin/../lib/gcc/arm-none-eabi/4.8.4/../../../../arm-none-eabi/lib/armv7e-m/fpu\libg_s.a(lib_a-exit.o)
                0x000015e0                exit
 .text.__libc_init_array
                0x00001608       0x4c c:/freescale/kds_3.0.0/toolchain/bin/../lib/gcc/arm-none-eabi/4.8.4/../../../../arm-none-eabi/lib/armv7e-m/fpu\libg_s.a(lib_a-init.o)
                0x00001608                __libc_init_array
 .text.memset   0x00001654       0x10 c:/freescale/kds_3.0.0/toolchain/bin/../lib/gcc/arm-none-eabi/4.8.4/../../../../arm-none-eabi/lib/armv7e-m/fpu\libg_s.a(lib_a-memset.o)
                0x00001654                memset
 .text._exit    0x00001664        0x4 c:/freescale/kds_3.0.0/toolchain/bin/../lib/gcc/arm-none-eabi/4.8.4/../../../../arm-none-eabi/lib/armv7e-m/fpu\libnosys.a(_exit.o)
                0x00001664                _exit
 *(.rodata)
 *(.rodata*)
 .rodata.str1.1
                0x00001668        0x2 c:/freescale/kds_3.0.0/toolchain/bin/../lib/gcc/arm-none-eabi/4.8.4/../../../../arm-none-eabi/lib/armv7e-m/fpu\libg_s.a(lib_a-impure.o)
 *fill*         0x0000166a        0x2 
 .rodata._global_impure_ptr
                0x0000166c        0x4 c:/freescale/kds_3.0.0/toolchain/bin/../lib/gcc/arm-none-eabi/4.8.4/../../../../arm-none-eabi/lib/armv7e-m/fpu\libg_s.a(lib_a-impure.o)
                0x0000166c                _global_impure_ptr
 *(.glue_7)
 .glue_7        0x00000000        0x0 linker stubs
 *(.glue_7t)
 .glue_7t       0x00000000        0x0 linker stubs
 *(.eh_frame)
 .eh_frame      0x00001670        0x0 c:/freescale/kds_3.0.0/toolchain/bin/../lib/gcc/arm-none-eabi/4.8.4/armv7e-m/fpu/crtbegin.o
 *(.init)
 .init          0x00001670        0x4 c:/freescale/kds_3.0.0/toolchain/bin/../lib/gcc/arm-none-eabi/4.8.4/armv7e-m/fpu/crti.o
                0x00001670                _init
 .init          0x00001674        0x8 c:/freescale/kds_3.0.0/toolchain/bin/../lib/gcc/arm-none-eabi/4.8.4/armv7e-m/fpu/crtn.o
 *(.fini)
 .fini          0x0000167c        0x4 c:/freescale/kds_3.0.0/toolchain/bin/../lib/gcc/arm-none-eabi/4.8.4/armv7e-m/fpu/crti.o
                0x0000167c                _fini
 .fini          0x00001680        0x8 c:/freescale/kds_3.0.0/toolchain/bin/../lib/gcc/arm-none-eabi/4.8.4/armv7e-m/fpu/crtn.o
                0x00001688                . = ALIGN (0x4)
                0x00001688                _etext = .

.vfp11_veneer   0x00001688        0x0
 .vfp11_veneer  0x00000000        0x0 linker stubs

.v4_bx          0x00001688        0x0
 .v4_bx         0x00000000        0x0 linker stubs

.iplt           0x00001688        0x0
 .iplt          0x00000000        0x0 c:/freescale/kds_3.0.0/toolchain/bin/../lib/gcc/arm-none-eabi/4.8.4/armv7e-m/fpu/crtbegin.o

.ARM.extab
 *(.ARM.extab* .gnu.linkonce.armextab.*)

.ARM            0x00001688        0x8
                0x00001688                __exidx_start = .
 *(.ARM.exidx*)
 .ARM.exidx     0x00001688        0x8 c:/freescale/kds_3.0.0/toolchain/bin/../lib/gcc/arm-none-eabi/4.8.4/../../../../arm-none-eabi/lib/armv7e-m/fpu/crt0.o
                0x00001690                __exidx_end = .

.rel.dyn        0x00001690        0x0
 .rel.iplt      0x00000000        0x0 c:/freescale/kds_3.0.0/toolchain/bin/../lib/gcc/arm-none-eabi/4.8.4/armv7e-m/fpu/crtbegin.o

.ctors          0x00001690        0x0
                0x00001690                __CTOR_LIST__ = .
 *crtbegin.o(.ctors)
 *(EXCLUDE_FILE(*crtend.o) .ctors)
 *(SORT(.ctors.*))
 *(.ctors)
                0x00001690                __CTOR_END__ = .

.dtors          0x00001690        0x0
                0x00001690                __DTOR_LIST__ = .
 *crtbegin.o(.dtors)
 *(EXCLUDE_FILE(*crtend.o) .dtors)
 *(SORT(.dtors.*))
 *(.dtors)
                0x00001690                __DTOR_END__ = .

.preinit_array  0x00001690        0x0
                0x00001690                PROVIDE (__preinit_array_start, .)
 *(.preinit_array*)
                0x00001690                PROVIDE (__preinit_array_end, .)

.init_array     0x00001690        0x4
                0x00001690                PROVIDE (__init_array_start, .)
 *(SORT(.init_array.*))
 *(.init_array*)
 .init_array    0x00001690        0x4 c:/freescale/kds_3.0.0/toolchain/bin/../lib/gcc/arm-none-eabi/4.8.4/armv7e-m/fpu/crtbegin.o
                0x00001694                PROVIDE (__init_array_end, .)

.fini_array     0x00001694        0x4
                0x00001694                PROVIDE (__fini_array_start, .)
 *(SORT(.fini_array.*))
 *(.fini_array*)
 .fini_array    0x00001694        0x4 c:/freescale/kds_3.0.0/toolchain/bin/../lib/gcc/arm-none-eabi/4.8.4/armv7e-m/fpu/crtbegin.o
                0x00001698                PROVIDE (__fini_array_end, .)
                0x00001698                ___ROM_AT = .

.data           0x1fff0000       0x60 load address 0x00001698
                0x1fff0000                . = ALIGN (0x4)
                0x1fff0000                _sdata = .
 *(.data)
 *(.data*)
 .data.impure_data
                0x1fff0000       0x60 c:/freescale/kds_3.0.0/toolchain/bin/../lib/gcc/arm-none-eabi/4.8.4/../../../../arm-none-eabi/lib/armv7e-m/fpu\libg_s.a(lib_a-impure.o)
                0x1fff0060                . = ALIGN (0x4)
                0x1fff0060                _edata = .
                0x00000060                ___data_size = (_edata - _sdata)
                0x000016f8                ___m_data_20000000_ROMStart = (___ROM_AT + SIZEOF (.data))

.jcr            0x1fff0060        0x0 load address 0x000016f8
 .jcr           0x1fff0060        0x0 c:/freescale/kds_3.0.0/toolchain/bin/../lib/gcc/arm-none-eabi/4.8.4/armv7e-m/fpu/crtbegin.o

.igot.plt       0x1fff0060        0x0 load address 0x000016f8
 .igot.plt      0x00000000        0x0 c:/freescale/kds_3.0.0/toolchain/bin/../lib/gcc/arm-none-eabi/4.8.4/armv7e-m/fpu/crtbegin.o

.m_data_20000000
                0x20000000        0x0 load address 0x000016f8
                0x20000000                . = ALIGN (0x4)
                0x20000000                ___m_data_20000000_RAMStart = .
 *(.m_data_20000000)
                0x20000000                ___m_data_20000000_RAMEnd = .
                0x20000000                . = ALIGN (0x4)
                0x00000000                ___m_data_20000000_ROMSize = (___m_data_20000000_RAMEnd - ___m_data_20000000_RAMStart)
                0x20000000                . = ALIGN (0x4)

.bss            0x1fff0060      0x24c load address 0x000016f8
                0x1fff0060                __START_BSS = .
                0x1fff0060                PROVIDE (__bss_start__, __START_BSS)
 *(.bss)
 .bss           0x1fff0060       0x1c c:/freescale/kds_3.0.0/toolchain/bin/../lib/gcc/arm-none-eabi/4.8.4/armv7e-m/fpu/crtbegin.o
 *(.bss*)
 .bss.availableBytes.5650
                0x1fff007c        0x1 ./Sources/Flash.o
 *fill*         0x1fff007d        0x3 
 .bss.TxFIFO    0x1fff0080      0x108 ./Sources/UART.o
 .bss.RxFIFO    0x1fff0188      0x108 ./Sources/UART.o
 .bss.NvTowerNb
                0x1fff0290        0x4 ./Sources/main.o
 .bss.NvTowerMode
                0x1fff0294        0x4 ./Sources/main.o
 .bss.PacketBuf
                0x1fff0298        0x8 ./Sources/packet.o
 .bss.BufNbBytes
                0x1fff02a0        0x1 ./Sources/packet.o
 *(COMMON)
 *fill*         0x1fff02a1        0x3 
 COMMON         0x1fff02a4        0x5 ./Sources/packet.o
                0x1fff02a4                Packet
                0x1fff02ac                . = ALIGN (0x4)
 *fill*         0x1fff02a9        0x3 
                0x1fff02ac                __END_BSS = .
                0x1fff02ac                PROVIDE (__bss_end__, __END_BSS)
                0x000016f8                _romp_at = ((___ROM_AT + SIZEOF (.data)) + SIZEOF (.m_data_20000000))

.romp           0x1fff02ac       0x24 load address 0x000016f8
                0x000016f8                __S_romp = _romp_at
                0x1fff02ac        0x4 LONG 0x1698 ___ROM_AT
                0x1fff02b0        0x4 LONG 0x1fff0000 _sdata
                0x1fff02b4        0x4 LONG 0x60 ___data_size
                0x1fff02b8        0x4 LONG 0x16f8 ___m_data_20000000_ROMStart
                0x1fff02bc        0x4 LONG 0x20000000 ___m_data_20000000_RAMStart
                0x1fff02c0        0x4 LONG 0x0 ___m_data_20000000_ROMSize
                0x1fff02c4        0x4 LONG 0x0
                0x1fff02c8        0x4 LONG 0x0
                0x1fff02cc        0x4 LONG 0x0

._user_heap_stack
                0x1fff02d0      0x400 load address 0x0000171c
                0x1fff02d0                . = ALIGN (0x4)
                0x1fff02d0                PROVIDE (end, .)
                0x1fff02d0                PROVIDE (_end, .)
                0x1fff02d0                __heap_addr = .
                0x1fff02d0                __HeapBase = .
                0x1fff02d0                . = (. + __heap_size)
                0x1fff02d0                __HeapLimit = .
                0x1fff06d0                . = (. + __stack_size)
 *fill*         0x1fff02d0      0x400 
                0x1fff06d0                . = ALIGN (0x4)

.ARM.attributes
                0x00000000       0x30
 *(.ARM.attributes)
 .ARM.attributes
                0x00000000       0x22 c:/freescale/kds_3.0.0/toolchain/bin/../lib/gcc/arm-none-eabi/4.8.4/armv7e-m/fpu/crti.o
 .ARM.attributes
                0x00000022       0x34 c:/freescale/kds_3.0.0/toolchain/bin/../lib/gcc/arm-none-eabi/4.8.4/armv7e-m/fpu/crtbegin.o
 .ARM.attributes
                0x00000056       0x20 c:/freescale/kds_3.0.0/toolchain/bin/../lib/gcc/arm-none-eabi/4.8.4/../../../../arm-none-eabi/lib/armv7e-m/fpu/crt0.o
 .ARM.attributes
                0x00000076       0x39 ./Sources/FIFO.o
 .ARM.attributes
                0x000000af       0x39 ./Sources/Flash.o
 .ARM.attributes
                0x000000e8       0x39 ./Sources/LEDs.o
 .ARM.attributes
                0x00000121       0x39 ./Sources/UART.o
 .ARM.attributes
                0x0000015a       0x39 ./Sources/main.o
 .ARM.attributes
                0x00000193       0x39 ./Sources/packet.o
 .ARM.attributes
                0x000001cc       0x39 ./Project_Settings/Startup_Code/startup.o
 .ARM.attributes
                0x00000205       0x39 ./Generated_Code/Cpu.o
 .ARM.attributes
                0x0000023e       0x39 ./Generated_Code/Vectors.o
 .ARM.attributes
                0x00000277       0x34 c:/freescale/kds_3.0.0/toolchain/bin/../lib/gcc/arm-none-eabi/4.8.4/../../../../arm-none-eabi/lib/armv7e-m/fpu\libg_s.a(lib_a-exit.o)
 .ARM.attributes
                0x000002ab       0x34 c:/freescale/kds_3.0.0/toolchain/bin/../lib/gcc/arm-none-eabi/4.8.4/../../../../arm-none-eabi/lib/armv7e-m/fpu\libg_s.a(lib_a-impure.o)
 .ARM.attributes
                0x000002df       0x34 c:/freescale/kds_3.0.0/toolchain/bin/../lib/gcc/arm-none-eabi/4.8.4/../../../../arm-none-eabi/lib/armv7e-m/fpu\libg_s.a(lib_a-init.o)
 .ARM.attributes
                0x00000313       0x34 c:/freescale/kds_3.0.0/toolchain/bin/../lib/gcc/arm-none-eabi/4.8.4/../../../../arm-none-eabi/lib/armv7e-m/fpu\libg_s.a(lib_a-memset.o)
 .ARM.attributes
                0x00000347       0x34 c:/freescale/kds_3.0.0/toolchain/bin/../lib/gcc/arm-none-eabi/4.8.4/../../../../arm-none-eabi/lib/armv7e-m/fpu\libnosys.a(_exit.o)
 .ARM.attributes
                0x0000037b       0x22 c:/freescale/kds_3.0.0/toolchain/bin/../lib/gcc/arm-none-eabi/4.8.4/armv7e-m/fpu/crtn.o
OUTPUT(Lab2.elf elf32-littlearm)

.debug_info     0x00000000     0x2d8d
 .debug_info    0x00000000      0x1b6 ./Sources/FIFO.o
 .debug_info    0x000001b6      0x75c ./Sources/Flash.o
 .debug_info    0x00000912      0x490 ./Sources/LEDs.o
 .debug_info    0x00000da2      0x7af ./Sources/UART.o
 .debug_info    0x00001551      0x4b6 ./Sources/main.o
 .debug_info    0x00001a07      0x33e ./Sources/packet.o
 .debug_info    0x00001d45      0x3b0 ./Project_Settings/Startup_Code/startup.o
 .debug_info    0x000020f5      0xb89 ./Generated_Code/Cpu.o
 .debug_info    0x00002c7e      0x10f ./Generated_Code/Vectors.o

.debug_abbrev   0x00000000      0xc39
 .debug_abbrev  0x00000000       0xd3 ./Sources/FIFO.o
 .debug_abbrev  0x000000d3      0x1c7 ./Sources/Flash.o
 .debug_abbrev  0x0000029a      0x144 ./Sources/LEDs.o
 .debug_abbrev  0x000003de      0x184 ./Sources/UART.o
 .debug_abbrev  0x00000562      0x1c6 ./Sources/main.o
 .debug_abbrev  0x00000728      0x15f ./Sources/packet.o
 .debug_abbrev  0x00000887      0x189 ./Project_Settings/Startup_Code/startup.o
 .debug_abbrev  0x00000a10      0x185 ./Generated_Code/Cpu.o
 .debug_abbrev  0x00000b95       0xa4 ./Generated_Code/Vectors.o

.debug_aranges  0x00000000      0x290
 .debug_aranges
                0x00000000       0x30 ./Sources/FIFO.o
 .debug_aranges
                0x00000030       0x70 ./Sources/Flash.o
 .debug_aranges
                0x000000a0       0x38 ./Sources/LEDs.o
 .debug_aranges
                0x000000d8       0x38 ./Sources/UART.o
 .debug_aranges
                0x00000110       0x90 ./Sources/main.o
 .debug_aranges
                0x000001a0       0x50 ./Sources/packet.o
 .debug_aranges
                0x000001f0       0x50 ./Project_Settings/Startup_Code/startup.o
 .debug_aranges
                0x00000240       0x38 ./Generated_Code/Cpu.o
 .debug_aranges
                0x00000278       0x18 ./Generated_Code/Vectors.o

.debug_ranges   0x00000000      0x1f8
 .debug_ranges  0x00000000       0x20 ./Sources/FIFO.o
 .debug_ranges  0x00000020       0x60 ./Sources/Flash.o
 .debug_ranges  0x00000080       0x28 ./Sources/LEDs.o
 .debug_ranges  0x000000a8       0x28 ./Sources/UART.o
 .debug_ranges  0x000000d0       0x80 ./Sources/main.o
 .debug_ranges  0x00000150       0x40 ./Sources/packet.o
 .debug_ranges  0x00000190       0x40 ./Project_Settings/Startup_Code/startup.o
 .debug_ranges  0x000001d0       0x28 ./Generated_Code/Cpu.o

.debug_macro    0x00000000    0x31f7b
 .debug_macro   0x00000000       0x65 ./Sources/FIFO.o
 .debug_macro   0x00000065      0x850 ./Sources/FIFO.o
 .debug_macro   0x000008b5       0x16 ./Sources/FIFO.o
 .debug_macro   0x000008cb       0x44 ./Sources/FIFO.o
 .debug_macro   0x0000090f      0x209 ./Sources/FIFO.o
 .debug_macro   0x00000b18       0x22 ./Sources/FIFO.o
 .debug_macro   0x00000b3a       0x79 ./Sources/Flash.o
 .debug_macro   0x00000bb3       0x28 ./Sources/Flash.o
 .debug_macro   0x00000bdb    0x174c1 ./Sources/Flash.o
 .debug_macro   0x0001809c       0x6e ./Sources/LEDs.o
 .debug_macro   0x0001810a       0x7d ./Sources/UART.o
 .debug_macro   0x00018187       0x10 ./Sources/UART.o
 .debug_macro   0x00018197       0xce ./Sources/main.o
 .debug_macro   0x00018265     0x17fa ./Sources/main.o
 .debug_macro   0x00019a5f      0x14e ./Sources/main.o
 .debug_macro   0x00019bad       0x64 ./Sources/main.o
 .debug_macro   0x00019c11       0x94 ./Sources/main.o
 .debug_macro   0x00019ca5       0x3a ./Sources/main.o
 .debug_macro   0x00019cdf       0x2e ./Sources/main.o
 .debug_macro   0x00019d0d       0x74 ./Sources/packet.o
 .debug_macro   0x00019d81       0x34 ./Sources/packet.o
 .debug_macro   0x00019db5      0x121 ./Project_Settings/Startup_Code/startup.o
 .debug_macro   0x00019ed6       0x58 ./Project_Settings/Startup_Code/startup.o
 .debug_macro   0x00019f2e       0x35 ./Project_Settings/Startup_Code/startup.o
 .debug_macro   0x00019f63       0xa3 ./Project_Settings/Startup_Code/startup.o
 .debug_macro   0x0001a006      0x166 ./Project_Settings/Startup_Code/startup.o
 .debug_macro   0x0001a16c       0x4a ./Project_Settings/Startup_Code/startup.o
 .debug_macro   0x0001a1b6       0x52 ./Project_Settings/Startup_Code/startup.o
 .debug_macro   0x0001a208       0x16 ./Project_Settings/Startup_Code/startup.o
 .debug_macro   0x0001a21e       0x43 ./Project_Settings/Startup_Code/startup.o
 .debug_macro   0x0001a261      0x180 ./Project_Settings/Startup_Code/startup.o
 .debug_macro   0x0001a3e1      0x2a6 ./Project_Settings/Startup_Code/startup.o
 .debug_macro   0x0001a687       0x10 ./Project_Settings/Startup_Code/startup.o
 .debug_macro   0x0001a697       0x35 ./Project_Settings/Startup_Code/startup.o
 .debug_macro   0x0001a6cc       0x16 ./Project_Settings/Startup_Code/startup.o
 .debug_macro   0x0001a6e2       0x22 ./Project_Settings/Startup_Code/startup.o
 .debug_macro   0x0001a704       0x16 ./Project_Settings/Startup_Code/startup.o
 .debug_macro   0x0001a71a      0x20f ./Project_Settings/Startup_Code/startup.o
 .debug_macro   0x0001a929    0x174af ./Project_Settings/Startup_Code/startup.o
 .debug_macro   0x00031dd8       0x84 ./Generated_Code/Cpu.o
 .debug_macro   0x00031e5c       0x9a ./Generated_Code/Cpu.o
 .debug_macro   0x00031ef6       0x85 ./Generated_Code/Vectors.o

.debug_line     0x00000000     0x17ff
 .debug_line    0x00000000      0x1c3 ./Sources/FIFO.o
 .debug_line    0x000001c3      0x302 ./Sources/Flash.o
 .debug_line    0x000004c5      0x22a ./Sources/LEDs.o
 .debug_line    0x000006ef      0x255 ./Sources/UART.o
 .debug_line    0x00000944      0x3e6 ./Sources/main.o
 .debug_line    0x00000d2a      0x262 ./Sources/packet.o
 .debug_line    0x00000f8c      0x3ee ./Project_Settings/Startup_Code/startup.o
 .debug_line    0x0000137a      0x283 ./Generated_Code/Cpu.o
 .debug_line    0x000015fd      0x202 ./Generated_Code/Vectors.o

.debug_str      0x00000000    0x8d998
 .debug_str     0x00000000     0x2e7a ./Sources/FIFO.o
                               0x2ff8 (size before relaxing)
 .debug_str     0x00002e7a    0x801f4 ./Sources/Flash.o
                              0x831a2 (size before relaxing)
 .debug_str     0x0008306e      0x123 ./Sources/LEDs.o
                              0x82f33 (size before relaxing)
 .debug_str     0x00083191      0x187 ./Sources/UART.o
                              0x8302a (size before relaxing)
 .debug_str     0x00083318     0x7d0c ./Sources/main.o
                              0x8ac0d (size before relaxing)
 .debug_str     0x0008b024       0xa3 ./Sources/packet.o
                               0x32d4 (size before relaxing)
 .debug_str     0x0008b0c7     0x2663 ./Project_Settings/Startup_Code/startup.o
                              0x853fd (size before relaxing)
 .debug_str     0x0008d72a      0x252 ./Generated_Code/Cpu.o
                              0x8a9ef (size before relaxing)
 .debug_str     0x0008d97c       0x1c ./Generated_Code/Vectors.o
                              0x8a637 (size before relaxing)

.comment        0x00000000       0x70
 .comment       0x00000000       0x70 ./Sources/FIFO.o
                                 0x71 (size before relaxing)
 .comment       0x00000000       0x71 ./Sources/Flash.o
 .comment       0x00000000       0x71 ./Sources/LEDs.o
 .comment       0x00000000       0x71 ./Sources/UART.o
 .comment       0x00000000       0x71 ./Sources/main.o
 .comment       0x00000000       0x71 ./Sources/packet.o
 .comment       0x00000000       0x71 ./Project_Settings/Startup_Code/startup.o
 .comment       0x00000000       0x71 ./Generated_Code/Cpu.o
 .comment       0x00000000       0x71 ./Generated_Code/Vectors.o

.debug_frame    0x00000000      0x748
 .debug_frame   0x00000000       0x64 ./Sources/FIFO.o
 .debug_frame   0x00000064      0x15c ./Sources/Flash.o
 .debug_frame   0x000001c0       0x80 ./Sources/LEDs.o
 .debug_frame   0x00000240       0x90 ./Sources/UART.o
 .debug_frame   0x000002d0      0x1c8 ./Sources/main.o
 .debug_frame   0x00000498       0xdc ./Sources/packet.o
 .debug_frame   0x00000574       0xc0 ./Project_Settings/Startup_Code/startup.o
 .debug_frame   0x00000634       0x80 ./Generated_Code/Cpu.o
 .debug_frame   0x000006b4       0x28 c:/freescale/kds_3.0.0/toolchain/bin/../lib/gcc/arm-none-eabi/4.8.4/../../../../arm-none-eabi/lib/armv7e-m/fpu\libg_s.a(lib_a-exit.o)
 .debug_frame   0x000006dc       0x2c c:/freescale/kds_3.0.0/toolchain/bin/../lib/gcc/arm-none-eabi/4.8.4/../../../../arm-none-eabi/lib/armv7e-m/fpu\libg_s.a(lib_a-init.o)
 .debug_frame   0x00000708       0x20 c:/freescale/kds_3.0.0/toolchain/bin/../lib/gcc/arm-none-eabi/4.8.4/../../../../arm-none-eabi/lib/armv7e-m/fpu\libg_s.a(lib_a-memset.o)
 .debug_frame   0x00000728       0x20 c:/freescale/kds_3.0.0/toolchain/bin/../lib/gcc/arm-none-eabi/4.8.4/../../../../arm-none-eabi/lib/armv7e-m/fpu\libnosys.a(_exit.o)
